<?xml version="1.0"?>
<link_info>
   <banner>TI ARM Linker PC v5.2.7</banner>
   <copyright>Copyright (c) 1996-2015 Texas Instruments Incorporated</copyright>
   <link_time>0x577c3025</link_time>
   <link_errors>0x0</link_errors>
   <output_file>CC32xx_FileOperations.out</output_file>
   <entry_point>
      <name>_c_int00</name>
      <address>0x2000b08d</address>
   </entry_point>
   <input_file_list>
      <input_file id="fl-2">
         <path>.\</path>
         <kind>object</kind>
         <file>button_if.obj</file>
         <name>button_if.obj</name>
      </input_file>
      <input_file id="fl-3">
         <path>.\</path>
         <kind>object</kind>
         <file>gpio_if.obj</file>
         <name>gpio_if.obj</name>
      </input_file>
      <input_file id="fl-4">
         <path>.\</path>
         <kind>object</kind>
         <file>main.obj</file>
         <name>main.obj</name>
      </input_file>
      <input_file id="fl-5">
         <path>.\</path>
         <kind>object</kind>
         <file>network_common.obj</file>
         <name>network_common.obj</name>
      </input_file>
      <input_file id="fl-6">
         <path>.\</path>
         <kind>object</kind>
         <file>pinmux.obj</file>
         <name>pinmux.obj</name>
      </input_file>
      <input_file id="fl-7">
         <path>.\</path>
         <kind>object</kind>
         <file>startup_ccs.obj</file>
         <name>startup_ccs.obj</name>
      </input_file>
      <input_file id="fl-12f">
         <path>C:\TI\ccsv6\tools\compiler\ti-cgt-arm_5.2.7\lib\</path>
         <kind>archive</kind>
         <file>rtsv7M4_T_le_eabi.lib</file>
         <name>boot.obj</name>
      </input_file>
      <input_file id="fl-130">
         <path>C:\TI\ccsv6\tools\compiler\ti-cgt-arm_5.2.7\lib\</path>
         <kind>archive</kind>
         <file>rtsv7M4_T_le_eabi.lib</file>
         <name>copy_decompress_none.obj</name>
      </input_file>
      <input_file id="fl-131">
         <path>C:\TI\ccsv6\tools\compiler\ti-cgt-arm_5.2.7\lib\</path>
         <kind>archive</kind>
         <file>rtsv7M4_T_le_eabi.lib</file>
         <name>copy_decompress_rle.obj</name>
      </input_file>
      <input_file id="fl-132">
         <path>C:\TI\ccsv6\tools\compiler\ti-cgt-arm_5.2.7\lib\</path>
         <kind>archive</kind>
         <file>rtsv7M4_T_le_eabi.lib</file>
         <name>copy_zero_init.obj</name>
      </input_file>
      <input_file id="fl-133">
         <path>C:\TI\ccsv6\tools\compiler\ti-cgt-arm_5.2.7\lib\</path>
         <kind>archive</kind>
         <file>rtsv7M4_T_le_eabi.lib</file>
         <name>defs.obj</name>
      </input_file>
      <input_file id="fl-134">
         <path>C:\TI\ccsv6\tools\compiler\ti-cgt-arm_5.2.7\lib\</path>
         <kind>archive</kind>
         <file>rtsv7M4_T_le_eabi.lib</file>
         <name>exit.obj</name>
      </input_file>
      <input_file id="fl-135">
         <path>C:\TI\ccsv6\tools\compiler\ti-cgt-arm_5.2.7\lib\</path>
         <kind>archive</kind>
         <file>rtsv7M4_T_le_eabi.lib</file>
         <name>fflush.obj</name>
      </input_file>
      <input_file id="fl-136">
         <path>C:\TI\ccsv6\tools\compiler\ti-cgt-arm_5.2.7\lib\</path>
         <kind>archive</kind>
         <file>rtsv7M4_T_le_eabi.lib</file>
         <name>lowlev.obj</name>
      </input_file>
      <input_file id="fl-137">
         <path>C:\TI\ccsv6\tools\compiler\ti-cgt-arm_5.2.7\lib\</path>
         <kind>archive</kind>
         <file>rtsv7M4_T_le_eabi.lib</file>
         <name>memcpy_t2.obj</name>
      </input_file>
      <input_file id="fl-138">
         <path>C:\TI\ccsv6\tools\compiler\ti-cgt-arm_5.2.7\lib\</path>
         <kind>archive</kind>
         <file>rtsv7M4_T_le_eabi.lib</file>
         <name>memset_t2.obj</name>
      </input_file>
      <input_file id="fl-139">
         <path>C:\TI\ccsv6\tools\compiler\ti-cgt-arm_5.2.7\lib\</path>
         <kind>archive</kind>
         <file>rtsv7M4_T_le_eabi.lib</file>
         <name>pre_init.obj</name>
      </input_file>
      <input_file id="fl-13a">
         <path>C:\TI\ccsv6\tools\compiler\ti-cgt-arm_5.2.7\lib\</path>
         <kind>archive</kind>
         <file>rtsv7M4_T_le_eabi.lib</file>
         <name>printf.obj</name>
      </input_file>
      <input_file id="fl-13b">
         <path>C:\TI\ccsv6\tools\compiler\ti-cgt-arm_5.2.7\lib\</path>
         <kind>archive</kind>
         <file>rtsv7M4_T_le_eabi.lib</file>
         <name>stkdepth_vars.obj</name>
      </input_file>
      <input_file id="fl-13c">
         <path>C:\TI\ccsv6\tools\compiler\ti-cgt-arm_5.2.7\lib\</path>
         <kind>archive</kind>
         <file>rtsv7M4_T_le_eabi.lib</file>
         <name>strchr.obj</name>
      </input_file>
      <input_file id="fl-13d">
         <path>C:\TI\ccsv6\tools\compiler\ti-cgt-arm_5.2.7\lib\</path>
         <kind>archive</kind>
         <file>rtsv7M4_T_le_eabi.lib</file>
         <name>strcmp.obj</name>
      </input_file>
      <input_file id="fl-13e">
         <path>C:\TI\ccsv6\tools\compiler\ti-cgt-arm_5.2.7\lib\</path>
         <kind>archive</kind>
         <file>rtsv7M4_T_le_eabi.lib</file>
         <name>strcpy.obj</name>
      </input_file>
      <input_file id="fl-13f">
         <path>C:\TI\ccsv6\tools\compiler\ti-cgt-arm_5.2.7\lib\</path>
         <kind>archive</kind>
         <file>rtsv7M4_T_le_eabi.lib</file>
         <name>strlen.obj</name>
      </input_file>
      <input_file id="fl-140">
         <path>C:\TI\ccsv6\tools\compiler\ti-cgt-arm_5.2.7\lib\</path>
         <kind>archive</kind>
         <file>rtsv7M4_T_le_eabi.lib</file>
         <name>strncpy.obj</name>
      </input_file>
      <input_file id="fl-141">
         <path>C:\TI\ccsv6\tools\compiler\ti-cgt-arm_5.2.7\lib\</path>
         <kind>archive</kind>
         <file>rtsv7M4_T_le_eabi.lib</file>
         <name>trgdrv.obj</name>
      </input_file>
      <input_file id="fl-142">
         <path>C:\TI\ccsv6\tools\compiler\ti-cgt-arm_5.2.7\lib\</path>
         <kind>archive</kind>
         <file>rtsv7M4_T_le_eabi.lib</file>
         <name>trgmsg.obj</name>
      </input_file>
      <input_file id="fl-143">
         <path>C:\TI\ccsv6\tools\compiler\ti-cgt-arm_5.2.7\lib\</path>
         <kind>archive</kind>
         <file>rtsv7M4_T_le_eabi.lib</file>
         <name>_lock.obj</name>
      </input_file>
      <input_file id="fl-144">
         <path>C:\TI\ccsv6\tools\compiler\ti-cgt-arm_5.2.7\lib\</path>
         <kind>archive</kind>
         <file>rtsv7M4_T_le_eabi.lib</file>
         <name>_printfi.obj</name>
      </input_file>
      <input_file id="fl-145">
         <path>C:\TI\ccsv6\tools\compiler\ti-cgt-arm_5.2.7\lib\</path>
         <kind>archive</kind>
         <file>rtsv7M4_T_le_eabi.lib</file>
         <name>args_main.obj</name>
      </input_file>
      <input_file id="fl-146">
         <path>C:\TI\ccsv6\tools\compiler\ti-cgt-arm_5.2.7\lib\</path>
         <kind>archive</kind>
         <file>rtsv7M4_T_le_eabi.lib</file>
         <name>atoi.obj</name>
      </input_file>
      <input_file id="fl-147">
         <path>C:\TI\ccsv6\tools\compiler\ti-cgt-arm_5.2.7\lib\</path>
         <kind>archive</kind>
         <file>rtsv7M4_T_le_eabi.lib</file>
         <name>autoinit.obj</name>
      </input_file>
      <input_file id="fl-148">
         <path>C:\TI\ccsv6\tools\compiler\ti-cgt-arm_5.2.7\lib\</path>
         <kind>archive</kind>
         <file>rtsv7M4_T_le_eabi.lib</file>
         <name>cpy_tbl.obj</name>
      </input_file>
      <input_file id="fl-149">
         <path>C:\TI\ccsv6\tools\compiler\ti-cgt-arm_5.2.7\lib\</path>
         <kind>archive</kind>
         <file>rtsv7M4_T_le_eabi.lib</file>
         <name>ctype.obj</name>
      </input_file>
      <input_file id="fl-14a">
         <path>C:\TI\ccsv6\tools\compiler\ti-cgt-arm_5.2.7\lib\</path>
         <kind>archive</kind>
         <file>rtsv7M4_T_le_eabi.lib</file>
         <name>fd_add_t2.obj</name>
      </input_file>
      <input_file id="fl-14b">
         <path>C:\TI\ccsv6\tools\compiler\ti-cgt-arm_5.2.7\lib\</path>
         <kind>archive</kind>
         <file>rtsv7M4_T_le_eabi.lib</file>
         <name>fd_cmp_t2.obj</name>
      </input_file>
      <input_file id="fl-14c">
         <path>C:\TI\ccsv6\tools\compiler\ti-cgt-arm_5.2.7\lib\</path>
         <kind>archive</kind>
         <file>rtsv7M4_T_le_eabi.lib</file>
         <name>fd_div_t2.obj</name>
      </input_file>
      <input_file id="fl-14d">
         <path>C:\TI\ccsv6\tools\compiler\ti-cgt-arm_5.2.7\lib\</path>
         <kind>archive</kind>
         <file>rtsv7M4_T_le_eabi.lib</file>
         <name>fd_mul_t2.obj</name>
      </input_file>
      <input_file id="fl-14e">
         <path>C:\TI\ccsv6\tools\compiler\ti-cgt-arm_5.2.7\lib\</path>
         <kind>archive</kind>
         <file>rtsv7M4_T_le_eabi.lib</file>
         <name>fd_toi_t2.obj</name>
      </input_file>
      <input_file id="fl-14f">
         <path>C:\TI\ccsv6\tools\compiler\ti-cgt-arm_5.2.7\lib\</path>
         <kind>archive</kind>
         <file>rtsv7M4_T_le_eabi.lib</file>
         <name>fputc.obj</name>
      </input_file>
      <input_file id="fl-150">
         <path>C:\TI\ccsv6\tools\compiler\ti-cgt-arm_5.2.7\lib\</path>
         <kind>archive</kind>
         <file>rtsv7M4_T_le_eabi.lib</file>
         <name>fputs.obj</name>
      </input_file>
      <input_file id="fl-151">
         <path>C:\TI\ccsv6\tools\compiler\ti-cgt-arm_5.2.7\lib\</path>
         <kind>archive</kind>
         <file>rtsv7M4_T_le_eabi.lib</file>
         <name>frexp.obj</name>
      </input_file>
      <input_file id="fl-152">
         <path>C:\TI\ccsv6\tools\compiler\ti-cgt-arm_5.2.7\lib\</path>
         <kind>archive</kind>
         <file>rtsv7M4_T_le_eabi.lib</file>
         <name>i_tofd_t2.obj</name>
      </input_file>
      <input_file id="fl-153">
         <path>C:\TI\ccsv6\tools\compiler\ti-cgt-arm_5.2.7\lib\</path>
         <kind>archive</kind>
         <file>rtsv7M4_T_le_eabi.lib</file>
         <name>ldexp.obj</name>
      </input_file>
      <input_file id="fl-154">
         <path>C:\TI\ccsv6\tools\compiler\ti-cgt-arm_5.2.7\lib\</path>
         <kind>archive</kind>
         <file>rtsv7M4_T_le_eabi.lib</file>
         <name>ltoa.obj</name>
      </input_file>
      <input_file id="fl-155">
         <path>C:\TI\ccsv6\tools\compiler\ti-cgt-arm_5.2.7\lib\</path>
         <kind>archive</kind>
         <file>rtsv7M4_T_le_eabi.lib</file>
         <name>memccpy.obj</name>
      </input_file>
      <input_file id="fl-156">
         <path>C:\TI\ccsv6\tools\compiler\ti-cgt-arm_5.2.7\lib\</path>
         <kind>archive</kind>
         <file>rtsv7M4_T_le_eabi.lib</file>
         <name>memchr.obj</name>
      </input_file>
      <input_file id="fl-157">
         <path>C:\TI\ccsv6\tools\compiler\ti-cgt-arm_5.2.7\lib\</path>
         <kind>archive</kind>
         <file>rtsv7M4_T_le_eabi.lib</file>
         <name>ull_div_t2.obj</name>
      </input_file>
      <input_file id="fl-158">
         <path>C:\TI\ccsv6\tools\compiler\ti-cgt-arm_5.2.7\lib\</path>
         <kind>archive</kind>
         <file>rtsv7M4_T_le_eabi.lib</file>
         <name>xdclass.obj</name>
      </input_file>
      <input_file id="fl-159">
         <path>C:\TI\ccsv6\tools\compiler\ti-cgt-arm_5.2.7\lib\</path>
         <kind>archive</kind>
         <file>rtsv7M4_T_le_eabi.lib</file>
         <name>xdscale.obj</name>
      </input_file>
      <input_file id="fl-15a">
         <path>C:\TI\ccsv6\tools\compiler\ti-cgt-arm_5.2.7\lib\</path>
         <kind>archive</kind>
         <file>rtsv7M4_T_le_eabi.lib</file>
         <name>xdunscal.obj</name>
      </input_file>
      <input_file id="fl-15b">
         <path>C:\TI\ccsv6\tools\compiler\ti-cgt-arm_5.2.7\lib\</path>
         <kind>archive</kind>
         <file>rtsv7M4_T_le_eabi.lib</file>
         <name>xferaise.obj</name>
      </input_file>
      <input_file id="fl-15c">
         <path>C:\TI\ccsv6\tools\compiler\ti-cgt-arm_5.2.7\lib\</path>
         <kind>archive</kind>
         <file>rtsv7M4_T_le_eabi.lib</file>
         <name>xvalues.obj</name>
      </input_file>
      <input_file id="fl-15d">
         <path>C:\TI\ccsv6\tools\compiler\ti-cgt-arm_5.2.7\lib\</path>
         <kind>archive</kind>
         <file>rtsv7M4_T_le_eabi.lib</file>
         <name>_io_perm.obj</name>
      </input_file>
      <input_file id="fl-15e">
         <path>C:\TI\ccsv6\tools\compiler\ti-cgt-arm_5.2.7\lib\</path>
         <kind>archive</kind>
         <file>rtsv7M4_T_le_eabi.lib</file>
         <name>errno.obj</name>
      </input_file>
      <input_file id="fl-15f">
         <path>C:\TI\ccsv6\tools\compiler\ti-cgt-arm_5.2.7\lib\</path>
         <kind>archive</kind>
         <file>rtsv7M4_T_le_eabi.lib</file>
         <name>feraiseexcept.obj</name>
      </input_file>
      <input_file id="fl-160">
         <path>C:\TI\ccsv6\tools\compiler\ti-cgt-arm_5.2.7\lib\</path>
         <kind>archive</kind>
         <file>rtsv7M4_T_le_eabi.lib</file>
         <name>fseek.obj</name>
      </input_file>
      <input_file id="fl-161">
         <path>C:\TI\ccsv6\tools\compiler\ti-cgt-arm_5.2.7\lib\</path>
         <kind>archive</kind>
         <file>rtsv7M4_T_le_eabi.lib</file>
         <name>raise.obj</name>
      </input_file>
      <input_file id="fl-162">
         <path>C:\TI\ccsv6\tools\compiler\ti-cgt-arm_5.2.7\lib\</path>
         <kind>archive</kind>
         <file>rtsv7M4_T_le_eabi.lib</file>
         <name>setvbuf.obj</name>
      </input_file>
      <input_file id="fl-163">
         <path>C:\TI\ccsv6\tools\compiler\ti-cgt-arm_5.2.7\lib\</path>
         <kind>archive</kind>
         <file>rtsv7M4_T_le_eabi.lib</file>
         <name>signal.obj</name>
      </input_file>
      <input_file id="fl-164">
         <path>C:\TI\ccsv6\tools\compiler\ti-cgt-arm_5.2.7\lib\</path>
         <kind>archive</kind>
         <file>rtsv7M4_T_le_eabi.lib</file>
         <name>xdnorm.obj</name>
      </input_file>
      <input_file id="fl-165">
         <path>C:\TI\ccsv6\tools\compiler\ti-cgt-arm_5.2.7\lib\</path>
         <kind>archive</kind>
         <file>rtsv7M4_T_le_eabi.lib</file>
         <name>fopen.obj</name>
      </input_file>
      <input_file id="fl-166">
         <path>C:\TI\ccsv6\tools\compiler\ti-cgt-arm_5.2.7\lib\</path>
         <kind>archive</kind>
         <file>rtsv7M4_T_le_eabi.lib</file>
         <name>memory.obj</name>
      </input_file>
      <input_file id="fl-167">
         <path>C:\TI\ccsv6\tools\compiler\ti-cgt-arm_5.2.7\lib\</path>
         <kind>archive</kind>
         <file>rtsv7M4_T_le_eabi.lib</file>
         <name>fclose.obj</name>
      </input_file>
      <input_file id="fl-168">
         <path>C:\TI\ccsv6\tools\compiler\ti-cgt-arm_5.2.7\lib\</path>
         <kind>archive</kind>
         <file>rtsv7M4_T_le_eabi.lib</file>
         <name>remove.obj</name>
      </input_file>
      <input_file id="fl-169">
         <path>C:\TI\CC3200SDK_1.2.0\cc3200-sdk\simplelink\ccs\NON_OS\</path>
         <kind>archive</kind>
         <file>simplelink.a</file>
         <name>device.obj</name>
      </input_file>
      <input_file id="fl-16a">
         <path>C:\TI\CC3200SDK_1.2.0\cc3200-sdk\simplelink\ccs\NON_OS\</path>
         <kind>archive</kind>
         <file>simplelink.a</file>
         <name>driver.obj</name>
      </input_file>
      <input_file id="fl-16b">
         <path>C:\TI\CC3200SDK_1.2.0\cc3200-sdk\simplelink\ccs\NON_OS\</path>
         <kind>archive</kind>
         <file>simplelink.a</file>
         <name>fs.obj</name>
      </input_file>
      <input_file id="fl-16c">
         <path>C:\TI\CC3200SDK_1.2.0\cc3200-sdk\simplelink\ccs\NON_OS\</path>
         <kind>archive</kind>
         <file>simplelink.a</file>
         <name>netapp.obj</name>
      </input_file>
      <input_file id="fl-16d">
         <path>C:\TI\CC3200SDK_1.2.0\cc3200-sdk\simplelink\ccs\NON_OS\</path>
         <kind>archive</kind>
         <file>simplelink.a</file>
         <name>nonos.obj</name>
      </input_file>
      <input_file id="fl-16e">
         <path>C:\TI\CC3200SDK_1.2.0\cc3200-sdk\simplelink\ccs\NON_OS\</path>
         <kind>archive</kind>
         <file>simplelink.a</file>
         <name>socket.obj</name>
      </input_file>
      <input_file id="fl-16f">
         <path>C:\TI\CC3200SDK_1.2.0\cc3200-sdk\simplelink\ccs\NON_OS\</path>
         <kind>archive</kind>
         <file>simplelink.a</file>
         <name>wlan.obj</name>
      </input_file>
      <input_file id="fl-170">
         <path>C:\TI\CC3200SDK_1.2.0\cc3200-sdk\simplelink\ccs\NON_OS\</path>
         <kind>archive</kind>
         <file>simplelink.a</file>
         <name>cc_pal.obj</name>
      </input_file>
      <input_file id="fl-171">
         <path>C:\TI\CC3200SDK_1.2.0\cc3200-sdk\driverlib\ccs\Release\</path>
         <kind>archive</kind>
         <file>driverlib.a</file>
         <name>gpio.obj</name>
      </input_file>
      <input_file id="fl-172">
         <path>C:\TI\CC3200SDK_1.2.0\cc3200-sdk\driverlib\ccs\Release\</path>
         <kind>archive</kind>
         <file>driverlib.a</file>
         <name>interrupt.obj</name>
      </input_file>
      <input_file id="fl-173">
         <path>C:\TI\CC3200SDK_1.2.0\cc3200-sdk\driverlib\ccs\Release\</path>
         <kind>archive</kind>
         <file>driverlib.a</file>
         <name>pin.obj</name>
      </input_file>
      <input_file id="fl-174">
         <path>C:\TI\CC3200SDK_1.2.0\cc3200-sdk\driverlib\ccs\Release\</path>
         <kind>archive</kind>
         <file>driverlib.a</file>
         <name>prcm.obj</name>
      </input_file>
      <input_file id="fl-175">
         <path>C:\TI\CC3200SDK_1.2.0\cc3200-sdk\driverlib\ccs\Release\</path>
         <kind>archive</kind>
         <file>driverlib.a</file>
         <name>spi.obj</name>
      </input_file>
      <input_file id="fl-176">
         <path>C:\TI\CC3200SDK_1.2.0\cc3200-sdk\driverlib\ccs\Release\</path>
         <kind>archive</kind>
         <file>driverlib.a</file>
         <name>udma.obj</name>
      </input_file>
      <input_file id="fl-177">
         <path>C:\TI\CC3200SDK_1.2.0\cc3200-sdk\driverlib\ccs\Release\</path>
         <kind>archive</kind>
         <file>driverlib.a</file>
         <name>utils.obj</name>
      </input_file>
      <input_file id="fl-178">
         <path>C:\TI\CC3200SDK_1.2.0\cc3200-sdk\driverlib\ccs\Release\</path>
         <kind>archive</kind>
         <file>driverlib.a</file>
         <name>cpu.obj</name>
      </input_file>
      <input_file id="fl-179">
         <path>C:\TI\CC3200SDK_1.2.0\cc3200-sdk\driverlib\ccs\Release\</path>
         <kind>archive</kind>
         <file>driverlib.a</file>
         <name>flash.obj</name>
      </input_file>
   </input_file_list>
   <object_component_list>
      <object_component id="oc-f">
         <name>.intvecs</name>
         <load_address>0x20004000</load_address>
         <run_address>0x20004000</run_address>
         <size>0x400</size>
         <input_file_ref idref="fl-7"/>
      </object_component>
      <object_component id="oc-1ea">
         <name>.text</name>
         <load_address>0x20004400</load_address>
         <run_address>0x20004400</run_address>
         <size>0x10a6</size>
         <input_file_ref idref="fl-144"/>
      </object_component>
      <object_component id="oc-558">
         <name>.text:IntDefaultHandler</name>
         <load_address>0x200054a6</load_address>
         <run_address>0x200054a6</run_address>
         <size>0x2</size>
         <input_file_ref idref="fl-172"/>
      </object_component>
      <object_component id="oc-568">
         <name>.text:_SlDrvMsgRead</name>
         <load_address>0x200054a8</load_address>
         <run_address>0x200054a8</run_address>
         <size>0x590</size>
         <input_file_ref idref="fl-16a"/>
      </object_component>
      <object_component id="oc-9f">
         <name>.text</name>
         <load_address>0x20005a38</load_address>
         <run_address>0x20005a38</run_address>
         <size>0x3ec</size>
         <input_file_ref idref="fl-4"/>
      </object_component>
      <object_component id="oc-595">
         <name>.text</name>
         <load_address>0x20005e24</load_address>
         <run_address>0x20005e24</run_address>
         <size>0x3dc</size>
         <input_file_ref idref="fl-166"/>
      </object_component>
      <object_component id="oc-e4">
         <name>.text</name>
         <load_address>0x20006200</load_address>
         <run_address>0x20006200</run_address>
         <size>0x39c</size>
         <input_file_ref idref="fl-3"/>
      </object_component>
      <object_component id="oc-2ae">
         <name>.text</name>
         <load_address>0x2000659c</load_address>
         <run_address>0x2000659c</run_address>
         <size>0x30c</size>
         <input_file_ref idref="fl-136"/>
      </object_component>
      <object_component id="oc-584">
         <name>.text</name>
         <load_address>0x200068a8</load_address>
         <run_address>0x200068a8</run_address>
         <size>0x2d4</size>
         <input_file_ref idref="fl-141"/>
      </object_component>
      <object_component id="oc-5e5">
         <name>.text:_SlDrvRxHdrRead</name>
         <load_address>0x20006b7c</load_address>
         <run_address>0x20006b7c</run_address>
         <size>0x1fc</size>
         <input_file_ref idref="fl-16a"/>
      </object_component>
      <object_component id="oc-329">
         <name>.text</name>
         <load_address>0x20006d78</load_address>
         <run_address>0x20006d78</run_address>
         <size>0x1f4</size>
         <input_file_ref idref="fl-157"/>
      </object_component>
      <object_component id="oc-250">
         <name>.text:_SlDrvReleasePoolObj</name>
         <load_address>0x20006f6c</load_address>
         <run_address>0x20006f6c</run_address>
         <size>0x1d0</size>
         <input_file_ref idref="fl-16a"/>
      </object_component>
      <object_component id="oc-59b">
         <name>.text</name>
         <load_address>0x2000713c</load_address>
         <run_address>0x2000713c</run_address>
         <size>0x1c4</size>
         <input_file_ref idref="fl-165"/>
      </object_component>
      <object_component id="oc-352">
         <name>.text</name>
         <load_address>0x20007300</load_address>
         <run_address>0x20007300</run_address>
         <size>0x1b6</size>
         <input_file_ref idref="fl-14a"/>
      </object_component>
      <object_component id="oc-226">
         <name>.text:_SlDrvDriverCBInit</name>
         <load_address>0x200074b8</load_address>
         <run_address>0x200074b8</run_address>
         <size>0x1b4</size>
         <input_file_ref idref="fl-16a"/>
      </object_component>
      <object_component id="oc-483">
         <name>.text:_SlDrvMsgWrite</name>
         <load_address>0x2000766c</load_address>
         <run_address>0x2000766c</run_address>
         <size>0x19c</size>
         <input_file_ref idref="fl-16a"/>
      </object_component>
      <object_component id="oc-418">
         <name>.text:_SlDrvWaitForPoolObj</name>
         <load_address>0x20007808</load_address>
         <run_address>0x20007808</run_address>
         <size>0x190</size>
         <input_file_ref idref="fl-16a"/>
      </object_component>
      <object_component id="oc-de">
         <name>.text:PRCMCC3200MCUInit</name>
         <load_address>0x20007998</load_address>
         <run_address>0x20007998</run_address>
         <size>0x178</size>
         <input_file_ref idref="fl-174"/>
      </object_component>
      <object_component id="oc-5f7">
         <name>.text:_SlFindAndSetActiveObj</name>
         <load_address>0x20007b10</load_address>
         <run_address>0x20007b10</run_address>
         <size>0x170</size>
         <input_file_ref idref="fl-16a"/>
      </object_component>
      <object_component id="oc-f7">
         <name>.text</name>
         <load_address>0x20007c80</load_address>
         <run_address>0x20007c80</run_address>
         <size>0x15c</size>
         <input_file_ref idref="fl-2"/>
      </object_component>
      <object_component id="oc-22c">
         <name>.text:spi_Open</name>
         <load_address>0x20007ddc</load_address>
         <run_address>0x20007ddc</run_address>
         <size>0x148</size>
         <input_file_ref idref="fl-170"/>
      </object_component>
      <object_component id="oc-338">
         <name>.text</name>
         <load_address>0x20007f24</load_address>
         <run_address>0x20007f24</run_address>
         <size>0x136</size>
         <input_file_ref idref="fl-14c"/>
      </object_component>
      <object_component id="oc-1e4">
         <name>.text</name>
         <load_address>0x2000805c</load_address>
         <run_address>0x2000805c</run_address>
         <size>0x134</size>
         <input_file_ref idref="fl-150"/>
      </object_component>
      <object_component id="oc-489">
         <name>.text:_SlDrvMsgReadCmdCtx</name>
         <load_address>0x20008190</load_address>
         <run_address>0x20008190</run_address>
         <size>0x128</size>
         <input_file_ref idref="fl-16a"/>
      </object_component>
      <object_component id="oc-4ec">
         <name>.text</name>
         <load_address>0x200082b8</load_address>
         <run_address>0x200082b8</run_address>
         <size>0x110</size>
         <input_file_ref idref="fl-159"/>
      </object_component>
      <object_component id="oc-672">
         <name>.text:_SlDrvNetAppEventHandler</name>
         <load_address>0x200083c8</load_address>
         <run_address>0x200083c8</run_address>
         <size>0x104</size>
         <input_file_ref idref="fl-16c"/>
      </object_component>
      <object_component id="oc-127">
         <name>.text:sl_FsRead</name>
         <load_address>0x200084cc</load_address>
         <run_address>0x200084cc</run_address>
         <size>0x104</size>
         <input_file_ref idref="fl-16b"/>
      </object_component>
      <object_component id="oc-139">
         <name>.text:sl_FsWrite</name>
         <load_address>0x200085d0</load_address>
         <run_address>0x200085d0</run_address>
         <size>0x100</size>
         <input_file_ref idref="fl-16b"/>
      </object_component>
      <object_component id="oc-333">
         <name>.text</name>
         <load_address>0x200086d0</load_address>
         <run_address>0x200086d0</run_address>
         <size>0xfc</size>
         <input_file_ref idref="fl-14d"/>
      </object_component>
      <object_component id="oc-5f1">
         <name>.text:spi_Read</name>
         <load_address>0x200087cc</load_address>
         <run_address>0x200087cc</run_address>
         <size>0xf0</size>
         <input_file_ref idref="fl-170"/>
      </object_component>
      <object_component id="oc-713">
         <name>.text:uDMAChannelTransferSet</name>
         <load_address>0x200088bc</load_address>
         <run_address>0x200088bc</run_address>
         <size>0xf0</size>
         <input_file_ref idref="fl-176"/>
      </object_component>
      <object_component id="oc-56e">
         <name>.text:_SlAsyncEventGenericHandler</name>
         <load_address>0x200089ac</load_address>
         <run_address>0x200089ac</run_address>
         <size>0xe8</size>
         <input_file_ref idref="fl-16a"/>
      </object_component>
      <object_component id="oc-103">
         <name>.text:sl_Start</name>
         <load_address>0x20008a94</load_address>
         <run_address>0x20008a94</run_address>
         <size>0xe0</size>
         <input_file_ref idref="fl-169"/>
      </object_component>
      <object_component id="oc-5eb">
         <name>.text:_SlDrvClassifyRxMsg</name>
         <load_address>0x20008b74</load_address>
         <run_address>0x20008b74</run_address>
         <size>0xdc</size>
         <input_file_ref idref="fl-16a"/>
      </object_component>
      <object_component id="oc-4cc">
         <name>.text</name>
         <load_address>0x20008c50</load_address>
         <run_address>0x20008c50</run_address>
         <size>0xdc</size>
         <input_file_ref idref="fl-162"/>
      </object_component>
      <object_component id="oc-46d">
         <name>.text:_SlDrvMsgReadSpawnCtx</name>
         <load_address>0x20008d2c</load_address>
         <run_address>0x20008d2c</run_address>
         <size>0xd4</size>
         <input_file_ref idref="fl-16a"/>
      </object_component>
      <object_component id="oc-6d6">
         <name>.text:_sl_HandleAsync_DnsGetHostByService</name>
         <load_address>0x20008e00</load_address>
         <run_address>0x20008e00</run_address>
         <size>0xcc</size>
         <input_file_ref idref="fl-16c"/>
      </object_component>
      <object_component id="oc-13f">
         <name>.text</name>
         <load_address>0x20008ecc</load_address>
         <run_address>0x20008ecc</run_address>
         <size>0xc8</size>
         <input_file_ref idref="fl-135"/>
      </object_component>
      <object_component id="oc-447">
         <name>.text:_SlRemoveFromList</name>
         <load_address>0x20008f94</load_address>
         <run_address>0x20008f94</run_address>
         <size>0xc4</size>
         <input_file_ref idref="fl-16a"/>
      </object_component>
      <object_component id="oc-27a">
         <name>.text:_SlDrvCmdOp</name>
         <load_address>0x20009058</load_address>
         <run_address>0x20009058</run_address>
         <size>0xc0</size>
         <input_file_ref idref="fl-16a"/>
      </object_component>
      <object_component id="oc-5ae">
         <name>.text</name>
         <load_address>0x20009118</load_address>
         <run_address>0x20009118</run_address>
         <size>0xbe</size>
         <input_file_ref idref="fl-164"/>
      </object_component>
      <object_component id="oc-319">
         <name>.text</name>
         <load_address>0x200091d6</load_address>
         <run_address>0x200091d6</run_address>
         <size>0xac</size>
         <input_file_ref idref="fl-15d"/>
      </object_component>
      <object_component id="oc-209">
         <name>.text:IntDisable</name>
         <load_address>0x20009284</load_address>
         <run_address>0x20009284</run_address>
         <size>0xa8</size>
         <input_file_ref idref="fl-172"/>
      </object_component>
      <object_component id="oc-d8">
         <name>.text:IntEnable</name>
         <load_address>0x2000932c</load_address>
         <run_address>0x2000932c</run_address>
         <size>0xa8</size>
         <input_file_ref idref="fl-172"/>
      </object_component>
      <object_component id="oc-440">
         <name>.text:_SlDriverHandleError</name>
         <load_address>0x200093d4</load_address>
         <run_address>0x200093d4</run_address>
         <size>0xa4</size>
         <input_file_ref idref="fl-16a"/>
      </object_component>
      <object_component id="oc-3d3">
         <name>.text:SPIConfigSetExpClk</name>
         <load_address>0x20009478</load_address>
         <run_address>0x20009478</run_address>
         <size>0xa0</size>
         <input_file_ref idref="fl-175"/>
      </object_component>
      <object_component id="oc-36">
         <name>.text</name>
         <load_address>0x20009518</load_address>
         <run_address>0x20009518</run_address>
         <size>0x9c</size>
         <input_file_ref idref="fl-137"/>
      </object_component>
      <object_component id="oc-61b">
         <name>.text:_SlDrvDeviceEventHandler</name>
         <load_address>0x200095b4</load_address>
         <run_address>0x200095b4</run_address>
         <size>0x9a</size>
         <input_file_ref idref="fl-169"/>
      </object_component>
      <object_component id="oc-115">
         <name>.text:_sl_GetCreateFsMode</name>
         <load_address>0x20009650</load_address>
         <run_address>0x20009650</run_address>
         <size>0x98</size>
         <input_file_ref idref="fl-16b"/>
      </object_component>
      <object_component id="oc-646">
         <name>.text</name>
         <load_address>0x200096e8</load_address>
         <run_address>0x200096e8</run_address>
         <size>0x98</size>
         <input_file_ref idref="fl-167"/>
      </object_component>
      <object_component id="oc-1de">
         <name>.text</name>
         <load_address>0x20009780</load_address>
         <run_address>0x20009780</run_address>
         <size>0x98</size>
         <input_file_ref idref="fl-14f"/>
      </object_component>
      <object_component id="oc-121">
         <name>.text:sl_FsClose</name>
         <load_address>0x20009818</load_address>
         <run_address>0x20009818</run_address>
         <size>0x98</size>
         <input_file_ref idref="fl-16b"/>
      </object_component>
      <object_component id="oc-577">
         <name>.text:spi_Write</name>
         <load_address>0x200098b0</load_address>
         <run_address>0x200098b0</run_address>
         <size>0x98</size>
         <input_file_ref idref="fl-170"/>
      </object_component>
      <object_component id="oc-3cd">
         <name>.text:PRCMPeripheralClockGet</name>
         <load_address>0x20009948</load_address>
         <run_address>0x20009948</run_address>
         <size>0x94</size>
         <input_file_ref idref="fl-174"/>
      </object_component>
      <object_component id="oc-10f">
         <name>.text:sl_FsGetInfo</name>
         <load_address>0x200099dc</load_address>
         <run_address>0x200099dc</run_address>
         <size>0x94</size>
         <input_file_ref idref="fl-16b"/>
      </object_component>
      <object_component id="oc-6d0">
         <name>.text:_sl_HandleAsync_DnsGetHostByName</name>
         <load_address>0x20009a70</load_address>
         <run_address>0x20009a70</run_address>
         <size>0x90</size>
         <input_file_ref idref="fl-16c"/>
      </object_component>
      <object_component id="oc-678">
         <name>.text:_sl_HandleAsync_PingResponse</name>
         <load_address>0x20009b00</load_address>
         <run_address>0x20009b00</run_address>
         <size>0x90</size>
         <input_file_ref idref="fl-16c"/>
      </object_component>
      <object_component id="oc-67f">
         <name>.text:SetupDMAReceive</name>
         <load_address>0x20009b90</load_address>
         <run_address>0x20009b90</run_address>
         <size>0x8c</size>
         <input_file_ref idref="fl-170"/>
      </object_component>
      <object_component id="oc-602">
         <name>.text:SetupDMASend</name>
         <load_address>0x20009c1c</load_address>
         <run_address>0x20009c1c</run_address>
         <size>0x8c</size>
         <input_file_ref idref="fl-170"/>
      </object_component>
      <object_component id="oc-11b">
         <name>.text:sl_FsOpen</name>
         <load_address>0x20009ca8</load_address>
         <run_address>0x20009ca8</run_address>
         <size>0x8c</size>
         <input_file_ref idref="fl-16b"/>
      </object_component>
      <object_component id="oc-399">
         <name>.text:PinConfigSet</name>
         <load_address>0x20009d34</load_address>
         <run_address>0x20009d34</run_address>
         <size>0x88</size>
         <input_file_ref idref="fl-173"/>
      </object_component>
      <object_component id="oc-32e">
         <name>.text:__aeabi_cdcmple</name>
         <load_address>0x20009dbc</load_address>
         <run_address>0x20009dbc</run_address>
         <size>0x86</size>
         <input_file_ref idref="fl-14b"/>
      </object_component>
      <object_component id="oc-33d">
         <name>.text:__aeabi_cdrcmple</name>
         <load_address>0x20009e42</load_address>
         <run_address>0x20009e42</run_address>
         <size>0x86</size>
         <input_file_ref idref="fl-14b"/>
      </object_component>
      <object_component id="oc-1a9">
         <name>.text:GPIOIntTypeSet</name>
         <load_address>0x20009ec8</load_address>
         <run_address>0x20009ec8</run_address>
         <size>0x82</size>
         <input_file_ref idref="fl-171"/>
      </object_component>
      <object_component id="oc-6f9">
         <name>.text:_sl_HandleAsync_Connect</name>
         <load_address>0x20009f4c</load_address>
         <run_address>0x20009f4c</run_address>
         <size>0x80</size>
         <input_file_ref idref="fl-16e"/>
      </object_component>
      <object_component id="oc-69c">
         <name>.text:_sl_HandleAsync_InitComplete</name>
         <load_address>0x20009fcc</load_address>
         <run_address>0x20009fcc</run_address>
         <size>0x80</size>
         <input_file_ref idref="fl-169"/>
      </object_component>
      <object_component id="oc-fd">
         <name>.text</name>
         <load_address>0x2000a04c</load_address>
         <run_address>0x2000a04c</run_address>
         <size>0x80</size>
         <input_file_ref idref="fl-6"/>
      </object_component>
      <object_component id="oc-685">
         <name>.text:spi_Read_CPU</name>
         <load_address>0x2000a0cc</load_address>
         <run_address>0x2000a0cc</run_address>
         <size>0x80</size>
         <input_file_ref idref="fl-170"/>
      </object_component>
      <object_component id="oc-614">
         <name>.text:spi_Write_CPU</name>
         <load_address>0x2000a14c</load_address>
         <run_address>0x2000a14c</run_address>
         <size>0x80</size>
         <input_file_ref idref="fl-170"/>
      </object_component>
      <object_component id="oc-4f">
         <name>.text</name>
         <load_address>0x2000a1cc</load_address>
         <run_address>0x2000a1cc</run_address>
         <size>0x7a</size>
         <input_file_ref idref="fl-138"/>
      </object_component>
      <object_component id="oc-3ad">
         <name>.text:_SlNonOsSemGet</name>
         <load_address>0x2000a248</load_address>
         <run_address>0x2000a248</run_address>
         <size>0x78</size>
         <input_file_ref idref="fl-16d"/>
      </object_component>
      <object_component id="oc-109">
         <name>.text:sl_WlanPolicySet</name>
         <load_address>0x2000a2c0</load_address>
         <run_address>0x2000a2c0</run_address>
         <size>0x78</size>
         <input_file_ref idref="fl-16f"/>
      </object_component>
      <object_component id="oc-513">
         <name>.text:_SlNonOsMainLoopTask</name>
         <load_address>0x2000a338</load_address>
         <run_address>0x2000a338</run_address>
         <size>0x74</size>
         <input_file_ref idref="fl-16d"/>
      </object_component>
      <object_component id="oc-f0">
         <name>.text</name>
         <load_address>0x2000a3ac</load_address>
         <run_address>0x2000a3ac</run_address>
         <size>0x70</size>
         <input_file_ref idref="fl-13a"/>
      </object_component>
      <object_component id="oc-741">
         <name>.text:_SlDrvCmdSend</name>
         <load_address>0x2000a41c</load_address>
         <run_address>0x2000a41c</run_address>
         <size>0x6c</size>
         <input_file_ref idref="fl-16a"/>
      </object_component>
      <object_component id="oc-6e2">
         <name>.text:_sl_NetAppSendTokenValue</name>
         <load_address>0x2000a488</load_address>
         <run_address>0x2000a488</run_address>
         <size>0x6c</size>
         <input_file_ref idref="fl-16c"/>
      </object_component>
      <object_component id="oc-61">
         <name>.text</name>
         <load_address>0x2000a4f4</load_address>
         <run_address>0x2000a4f4</run_address>
         <size>0x6c</size>
         <input_file_ref idref="fl-147"/>
      </object_component>
      <object_component id="oc-42">
         <name>.text</name>
         <load_address>0x2000a560</load_address>
         <run_address>0x2000a560</run_address>
         <size>0x6a</size>
         <input_file_ref idref="fl-131"/>
      </object_component>
      <object_component id="oc-631">
         <name>.text</name>
         <load_address>0x2000a5cc</load_address>
         <run_address>0x2000a5cc</run_address>
         <size>0x68</size>
         <input_file_ref idref="fl-142"/>
      </object_component>
      <object_component id="oc-4e4">
         <name>.text</name>
         <load_address>0x2000a634</load_address>
         <run_address>0x2000a634</run_address>
         <size>0x66</size>
         <input_file_ref idref="fl-15a"/>
      </object_component>
      <object_component id="oc-467">
         <name>.text:_SlNonOsSpawn</name>
         <load_address>0x2000a69c</load_address>
         <run_address>0x2000a69c</run_address>
         <size>0x64</size>
         <input_file_ref idref="fl-16d"/>
      </object_component>
      <object_component id="oc-6f3">
         <name>.text:_sl_HandleAsync_Accept</name>
         <load_address>0x2000a700</load_address>
         <run_address>0x2000a700</run_address>
         <size>0x64</size>
         <input_file_ref idref="fl-16e"/>
      </object_component>
      <object_component id="oc-4c6">
         <name>.text</name>
         <load_address>0x2000a764</load_address>
         <run_address>0x2000a764</run_address>
         <size>0x64</size>
         <input_file_ref idref="fl-160"/>
      </object_component>
      <object_component id="oc-52a">
         <name>.text:uDMAChannelAttributeDisable</name>
         <load_address>0x2000a7c8</load_address>
         <run_address>0x2000a7c8</run_address>
         <size>0x64</size>
         <input_file_ref idref="fl-176"/>
      </object_component>
      <object_component id="oc-70d">
         <name>.text:uDMAChannelAttributeEnable</name>
         <load_address>0x2000a82c</load_address>
         <run_address>0x2000a82c</run_address>
         <size>0x64</size>
         <input_file_ref idref="fl-176"/>
      </object_component>
      <object_component id="oc-1fd">
         <name>.text:IntPendClear</name>
         <load_address>0x2000a890</load_address>
         <run_address>0x2000a890</run_address>
         <size>0x58</size>
         <input_file_ref idref="fl-172"/>
      </object_component>
      <object_component id="oc-19c">
         <name>.text:PRCMPeripheralReset</name>
         <load_address>0x2000a8e8</load_address>
         <run_address>0x2000a8e8</run_address>
         <size>0x58</size>
         <input_file_ref idref="fl-174"/>
      </object_component>
      <object_component id="oc-347">
         <name>.text</name>
         <load_address>0x2000a940</load_address>
         <run_address>0x2000a940</run_address>
         <size>0x56</size>
         <input_file_ref idref="fl-154"/>
      </object_component>
      <object_component id="oc-1af">
         <name>.text:IntPrioritySet</name>
         <load_address>0x2000a998</load_address>
         <run_address>0x2000a998</run_address>
         <size>0x54</size>
         <input_file_ref idref="fl-172"/>
      </object_component>
      <object_component id="oc-262">
         <name>.text:_SlDrvRxIrqHandler</name>
         <load_address>0x2000a9ec</load_address>
         <run_address>0x2000a9ec</run_address>
         <size>0x54</size>
         <input_file_ref idref="fl-16a"/>
      </object_component>
      <object_component id="oc-6ff">
         <name>.text:_sl_HandleAsync_Select</name>
         <load_address>0x2000aa40</load_address>
         <run_address>0x2000aa40</run_address>
         <size>0x54</size>
         <input_file_ref idref="fl-16e"/>
      </object_component>
      <object_component id="oc-6a2">
         <name>.text:_sl_HandleAsync_Stop</name>
         <load_address>0x2000aa94</load_address>
         <run_address>0x2000aa94</run_address>
         <size>0x50</size>
         <input_file_ref idref="fl-169"/>
      </object_component>
      <object_component id="oc-3f7">
         <name>.text:SPIIntEnable</name>
         <load_address>0x2000aae4</load_address>
         <run_address>0x2000aae4</run_address>
         <size>0x4c</size>
         <input_file_ref idref="fl-175"/>
      </object_component>
      <object_component id="oc-232">
         <name>.text:_SlDrvProtectAsyncRespSetting</name>
         <load_address>0x2000ab30</load_address>
         <run_address>0x2000ab30</run_address>
         <size>0x4c</size>
         <input_file_ref idref="fl-16a"/>
      </object_component>
      <object_component id="oc-375">
         <name>.text</name>
         <load_address>0x2000ab7c</load_address>
         <run_address>0x2000ab7c</run_address>
         <size>0x4c</size>
         <input_file_ref idref="fl-146"/>
      </object_component>
      <object_component id="oc-97">
         <name>.text</name>
         <load_address>0x2000abc8</load_address>
         <run_address>0x2000abc8</run_address>
         <size>0x4c</size>
         <input_file_ref idref="fl-148"/>
      </object_component>
      <object_component id="oc-524">
         <name>.text:uDMAChannelAssign</name>
         <load_address>0x2000ac14</load_address>
         <run_address>0x2000ac14</run_address>
         <size>0x4c</size>
         <input_file_ref idref="fl-176"/>
      </object_component>
      <object_component id="oc-301">
         <name>.text:GPIOGetIntNumber</name>
         <load_address>0x2000ac60</load_address>
         <run_address>0x2000ac60</run_address>
         <size>0x48</size>
         <input_file_ref idref="fl-171"/>
      </object_component>
      <object_component id="oc-540">
         <name>.text:SPIIntClear</name>
         <load_address>0x2000aca8</load_address>
         <run_address>0x2000aca8</run_address>
         <size>0x48</size>
         <input_file_ref idref="fl-175"/>
      </object_component>
      <object_component id="oc-342">
         <name>.text</name>
         <load_address>0x2000acf0</load_address>
         <run_address>0x2000acf0</run_address>
         <size>0x48</size>
         <input_file_ref idref="fl-14e"/>
      </object_component>
      <object_component id="oc-35d">
         <name>.text</name>
         <load_address>0x2000ad38</load_address>
         <run_address>0x2000ad38</run_address>
         <size>0x46</size>
         <input_file_ref idref="fl-153"/>
      </object_component>
      <object_component id="oc-534">
         <name>.text:SPIDmaMaskGet</name>
         <load_address>0x2000ad80</load_address>
         <run_address>0x2000ad80</run_address>
         <size>0x44</size>
         <input_file_ref idref="fl-175"/>
      </object_component>
      <object_component id="oc-73a">
         <name>.text:_SlDrvHandleHttpServerEvents</name>
         <load_address>0x2000adc4</load_address>
         <run_address>0x2000adc4</run_address>
         <size>0x44</size>
         <input_file_ref idref="fl-16a"/>
      </object_component>
      <object_component id="oc-24a">
         <name>.text:_SlDrvSyncObjWaitTimeout</name>
         <load_address>0x2000ae08</load_address>
         <run_address>0x2000ae08</run_address>
         <size>0x44</size>
         <input_file_ref idref="fl-16a"/>
      </object_component>
      <object_component id="oc-692">
         <name>.text:cc_SetupTransfer</name>
         <load_address>0x2000ae4c</load_address>
         <run_address>0x2000ae4c</run_address>
         <size>0x44</size>
         <input_file_ref idref="fl-170"/>
      </object_component>
      <object_component id="oc-6d">
         <name>.text</name>
         <load_address>0x2000ae90</load_address>
         <run_address>0x2000ae90</run_address>
         <size>0x44</size>
         <input_file_ref idref="fl-134"/>
      </object_component>
      <object_component id="oc-39f">
         <name>.text:PinModeSet</name>
         <load_address>0x2000aed4</load_address>
         <run_address>0x2000aed4</run_address>
         <size>0x40</size>
         <input_file_ref idref="fl-173"/>
      </object_component>
      <object_component id="oc-627">
         <name>.text:_SlDrvHandleNetAppEvents</name>
         <load_address>0x2000af14</load_address>
         <run_address>0x2000af14</run_address>
         <size>0x40</size>
         <input_file_ref idref="fl-16a"/>
      </object_component>
      <object_component id="oc-621">
         <name>.text:_SlDrvHandleWlanEvents</name>
         <load_address>0x2000af54</load_address>
         <run_address>0x2000af54</run_address>
         <size>0x40</size>
         <input_file_ref idref="fl-16a"/>
      </object_component>
      <object_component id="oc-6bd">
         <name>.text</name>
         <load_address>0x2000af94</load_address>
         <run_address>0x2000af94</run_address>
         <size>0x40</size>
         <input_file_ref idref="fl-163"/>
      </object_component>
      <object_component id="oc-23e">
         <name>.text:NwpRegisterInterruptHandler</name>
         <load_address>0x2000afd4</load_address>
         <run_address>0x2000afd4</run_address>
         <size>0x3e</size>
         <input_file_ref idref="fl-170"/>
      </object_component>
      <object_component id="oc-6ea">
         <name>.text:CopyPingResultsToReport</name>
         <load_address>0x2000b012</load_address>
         <run_address>0x2000b012</run_address>
         <size>0x3c</size>
         <input_file_ref idref="fl-16c"/>
      </object_component>
      <object_component id="oc-196">
         <name>.text:PRCMPeripheralClkEnable</name>
         <load_address>0x2000b050</load_address>
         <run_address>0x2000b050</run_address>
         <size>0x3c</size>
         <input_file_ref idref="fl-174"/>
      </object_component>
      <object_component id="oc-24">
         <name>.text</name>
         <load_address>0x2000b08c</load_address>
         <run_address>0x2000b08c</run_address>
         <size>0x3c</size>
         <input_file_ref idref="fl-12f"/>
      </object_component>
      <object_component id="oc-707">
         <name>.text:uDMAChannelControlSet</name>
         <load_address>0x2000b0c8</load_address>
         <run_address>0x2000b0c8</run_address>
         <size>0x3c</size>
         <input_file_ref idref="fl-176"/>
      </object_component>
      <object_component id="oc-238">
         <name>.text:NwpPowerOff</name>
         <load_address>0x2000b104</load_address>
         <run_address>0x2000b104</run_address>
         <size>0x38</size>
         <input_file_ref idref="fl-170"/>
      </object_component>
      <object_component id="oc-21f">
         <name>.text:GPIODirModeSet</name>
         <load_address>0x2000b13c</load_address>
         <run_address>0x2000b13c</run_address>
         <size>0x36</size>
         <input_file_ref idref="fl-171"/>
      </object_component>
      <object_component id="oc-3d9">
         <name>.text:PRCMPeripheralStatusGet</name>
         <load_address>0x2000b174</load_address>
         <run_address>0x2000b174</run_address>
         <size>0x34</size>
         <input_file_ref idref="fl-174"/>
      </object_component>
      <object_component id="oc-3f1">
         <name>.text:SPIFIFOLevelSet</name>
         <load_address>0x2000b1a8</load_address>
         <run_address>0x2000b1a8</run_address>
         <size>0x34</size>
         <input_file_ref idref="fl-175"/>
      </object_component>
      <object_component id="oc-5bd">
         <name>.text</name>
         <load_address>0x2000b1dc</load_address>
         <run_address>0x2000b1dc</run_address>
         <size>0x34</size>
         <input_file_ref idref="fl-15f"/>
      </object_component>
      <object_component id="oc-219">
         <name>.text:PinTypeGPIO</name>
         <load_address>0x2000b210</load_address>
         <run_address>0x2000b210</run_address>
         <size>0x30</size>
         <input_file_ref idref="fl-173"/>
      </object_component>
      <object_component id="oc-28f">
         <name>.text:_sl_Strlen</name>
         <load_address>0x2000b240</load_address>
         <run_address>0x2000b240</run_address>
         <size>0x30</size>
         <input_file_ref idref="fl-16b"/>
      </object_component>
      <object_component id="oc-49e">
         <name>.text</name>
         <load_address>0x2000b270</load_address>
         <run_address>0x2000b270</run_address>
         <size>0x30</size>
         <input_file_ref idref="fl-140"/>
      </object_component>
      <object_component id="oc-4f2">
         <name>.text</name>
         <load_address>0x2000b2a0</load_address>
         <run_address>0x2000b2a0</run_address>
         <size>0x30</size>
         <input_file_ref idref="fl-15b"/>
      </object_component>
      <object_component id="oc-34d">
         <name>.text</name>
         <load_address>0x2000b2d0</load_address>
         <run_address>0x2000b2d0</run_address>
         <size>0x2e</size>
         <input_file_ref idref="fl-152"/>
      </object_component>
      <object_component id="oc-65e">
         <name>.text</name>
         <load_address>0x2000b2fe</load_address>
         <run_address>0x2000b2fe</run_address>
         <size>0x2e</size>
         <input_file_ref idref="fl-161"/>
      </object_component>
      <object_component id="oc-184">
         <name>.text:PRCMSysResetCauseGet</name>
         <load_address>0x2000b32c</load_address>
         <run_address>0x2000b32c</run_address>
         <size>0x2c</size>
         <input_file_ref idref="fl-174"/>
      </object_component>
      <object_component id="oc-477">
         <name>.text:_SlDrvObjGlobalLockWaitForever</name>
         <load_address>0x2000b358</load_address>
         <run_address>0x2000b358</run_address>
         <size>0x2c</size>
         <input_file_ref idref="fl-16a"/>
      </object_component>
      <object_component id="oc-41e">
         <name>.text:_SlDrvProtectionObjLockWaitForever</name>
         <load_address>0x2000b384</load_address>
         <run_address>0x2000b384</run_address>
         <size>0x2c</size>
         <input_file_ref idref="fl-16a"/>
      </object_component>
      <object_component id="oc-369">
         <name>.text</name>
         <load_address>0x2000b3b0</load_address>
         <run_address>0x2000b3b0</run_address>
         <size>0x2a</size>
         <input_file_ref idref="fl-158"/>
      </object_component>
      <object_component id="oc-1a2">
         <name>.text:PRCMPeripheralClkDisable</name>
         <load_address>0x2000b3dc</load_address>
         <run_address>0x2000b3dc</run_address>
         <size>0x28</size>
         <input_file_ref idref="fl-174"/>
      </object_component>
      <object_component id="oc-47d">
         <name>.text:_SlDrvGlobalObjUnLock</name>
         <load_address>0x2000b404</load_address>
         <run_address>0x2000b404</run_address>
         <size>0x28</size>
         <input_file_ref idref="fl-16a"/>
      </object_component>
      <object_component id="oc-424">
         <name>.text:_SlDrvProtectionObjUnLock</name>
         <load_address>0x2000b42c</load_address>
         <run_address>0x2000b42c</run_address>
         <size>0x28</size>
         <input_file_ref idref="fl-16a"/>
      </object_component>
      <object_component id="oc-54e">
         <name>.text:_SlDrvSyncObjWaitForever</name>
         <load_address>0x2000b454</load_address>
         <run_address>0x2000b454</run_address>
         <size>0x28</size>
         <input_file_ref idref="fl-16a"/>
      </object_component>
      <object_component id="oc-45f">
         <name>.text</name>
         <load_address>0x2000b47c</load_address>
         <run_address>0x2000b47c</run_address>
         <size>0x26</size>
         <input_file_ref idref="fl-5"/>
      </object_component>
      <object_component id="oc-409">
         <name>.text:DmaSpiSwIntHandler</name>
         <load_address>0x2000b4a4</load_address>
         <run_address>0x2000b4a4</run_address>
         <size>0x24</size>
         <input_file_ref idref="fl-170"/>
      </object_component>
      <object_component id="oc-432">
         <name>.text:IntUnregister</name>
         <load_address>0x2000b4c8</load_address>
         <run_address>0x2000b4c8</run_address>
         <size>0x24</size>
         <input_file_ref idref="fl-172"/>
      </object_component>
      <object_component id="oc-1f7">
         <name>.text:GPIOIntStatus</name>
         <load_address>0x2000b4ec</load_address>
         <run_address>0x2000b4ec</run_address>
         <size>0x22</size>
         <input_file_ref idref="fl-171"/>
      </object_component>
      <object_component id="oc-3c7">
         <name>.text:SPIReset</name>
         <load_address>0x2000b50e</load_address>
         <run_address>0x2000b50e</run_address>
         <size>0x22</size>
         <input_file_ref idref="fl-175"/>
      </object_component>
      <object_component id="oc-60e">
         <name>.text:SPIWordCountSet</name>
         <load_address>0x2000b530</load_address>
         <run_address>0x2000b530</run_address>
         <size>0x22</size>
         <input_file_ref idref="fl-175"/>
      </object_component>
      <object_component id="oc-357">
         <name>.text</name>
         <load_address>0x2000b552</load_address>
         <run_address>0x2000b552</run_address>
         <size>0x22</size>
         <input_file_ref idref="fl-151"/>
      </object_component>
      <object_component id="oc-1c7">
         <name>.text:GPIOPinWrite</name>
         <load_address>0x2000b574</load_address>
         <run_address>0x2000b574</run_address>
         <size>0x20</size>
         <input_file_ref idref="fl-171"/>
      </object_component>
      <object_component id="oc-307">
         <name>.text:IntRegister</name>
         <load_address>0x2000b594</load_address>
         <run_address>0x2000b594</run_address>
         <size>0x20</size>
         <input_file_ref idref="fl-172"/>
      </object_component>
      <object_component id="oc-244">
         <name>.text:NwpPowerOn</name>
         <load_address>0x2000b5b4</load_address>
         <run_address>0x2000b5b4</run_address>
         <size>0x20</size>
         <input_file_ref idref="fl-170"/>
      </object_component>
      <object_component id="oc-44d">
         <name>.text:_SlDrvSyncObjSignal</name>
         <load_address>0x2000b5d4</load_address>
         <run_address>0x2000b5d4</run_address>
         <size>0x20</size>
         <input_file_ref idref="fl-16a"/>
      </object_component>
      <object_component id="oc-321">
         <name>.text</name>
         <load_address>0x2000b5f4</load_address>
         <run_address>0x2000b5f4</run_address>
         <size>0x20</size>
         <input_file_ref idref="fl-156"/>
      </object_component>
      <object_component id="oc-1b5">
         <name>.text:GPIOIntRegister</name>
         <load_address>0x2000b614</load_address>
         <run_address>0x2000b614</run_address>
         <size>0x1e</size>
         <input_file_ref idref="fl-171"/>
      </object_component>
      <object_component id="oc-3df">
         <name>.text:cc_UDMAChannelSelect</name>
         <load_address>0x2000b632</load_address>
         <run_address>0x2000b632</run_address>
         <size>0x1e</size>
         <input_file_ref idref="fl-170"/>
      </object_component>
      <object_component id="oc-36f">
         <name>.text</name>
         <load_address>0x2000b650</load_address>
         <run_address>0x2000b650</run_address>
         <size>0x1c</size>
         <input_file_ref idref="fl-155"/>
      </object_component>
      <object_component id="oc-719">
         <name>.text:uDMAChannelEnable</name>
         <load_address>0x2000b66c</load_address>
         <run_address>0x2000b66c</run_address>
         <size>0x1c</size>
         <input_file_ref idref="fl-176"/>
      </object_component>
      <object_component id="oc-203">
         <name>.text:GPIOIntDisable</name>
         <load_address>0x2000b688</load_address>
         <run_address>0x2000b688</run_address>
         <size>0x1a</size>
         <input_file_ref idref="fl-171"/>
      </object_component>
      <object_component id="oc-1c1">
         <name>.text:GPIOIntEnable</name>
         <load_address>0x2000b6a2</load_address>
         <run_address>0x2000b6a2</run_address>
         <size>0x1a</size>
         <input_file_ref idref="fl-171"/>
      </object_component>
      <object_component id="oc-3eb">
         <name>.text:SPIDmaEnable</name>
         <load_address>0x2000b6bc</load_address>
         <run_address>0x2000b6bc</run_address>
         <size>0x1a</size>
         <input_file_ref idref="fl-175"/>
      </object_component>
      <object_component id="oc-3e5">
         <name>.text:SPIFIFOEnable</name>
         <load_address>0x2000b6d6</load_address>
         <run_address>0x2000b6d6</run_address>
         <size>0x1a</size>
         <input_file_ref idref="fl-175"/>
      </object_component>
      <object_component id="oc-1d3">
         <name>.text:GPIOPinRead</name>
         <load_address>0x2000b6f0</load_address>
         <run_address>0x2000b6f0</run_address>
         <size>0x18</size>
         <input_file_ref idref="fl-171"/>
      </object_component>
      <object_component id="oc-3bb">
         <name>.text:SPICSDisable</name>
         <load_address>0x2000b708</load_address>
         <run_address>0x2000b708</run_address>
         <size>0x18</size>
         <input_file_ref idref="fl-175"/>
      </object_component>
      <object_component id="oc-608">
         <name>.text:SPICSEnable</name>
         <load_address>0x2000b720</load_address>
         <run_address>0x2000b720</run_address>
         <size>0x18</size>
         <input_file_ref idref="fl-175"/>
      </object_component>
      <object_component id="oc-3c1">
         <name>.text:SPIDisable</name>
         <load_address>0x2000b738</load_address>
         <run_address>0x2000b738</run_address>
         <size>0x18</size>
         <input_file_ref idref="fl-175"/>
      </object_component>
      <object_component id="oc-3fd">
         <name>.text:SPIEnable</name>
         <load_address>0x2000b750</load_address>
         <run_address>0x2000b750</run_address>
         <size>0x18</size>
         <input_file_ref idref="fl-175"/>
      </object_component>
      <object_component id="oc-3a7">
         <name>.text:_SlNonOsSemSet</name>
         <load_address>0x2000b768</load_address>
         <run_address>0x2000b768</run_address>
         <size>0x18</size>
         <input_file_ref idref="fl-16d"/>
      </object_component>
      <object_component id="oc-256">
         <name>.text:_sl_GetStartResponseConvert</name>
         <load_address>0x2000b780</load_address>
         <run_address>0x2000b780</run_address>
         <size>0x18</size>
         <input_file_ref idref="fl-169"/>
      </object_component>
      <object_component id="oc-67">
         <name>.text</name>
         <load_address>0x2000b798</load_address>
         <run_address>0x2000b798</run_address>
         <size>0x18</size>
         <input_file_ref idref="fl-145"/>
      </object_component>
      <object_component id="oc-12d">
         <name>.text</name>
         <load_address>0x2000b7b0</load_address>
         <run_address>0x2000b7b0</run_address>
         <size>0x18</size>
         <input_file_ref idref="fl-13d"/>
      </object_component>
      <object_component id="oc-18a">
         <name>.text:PRCMHIBRegRead</name>
         <load_address>0x2000b7c8</load_address>
         <run_address>0x2000b7c8</run_address>
         <size>0x16</size>
         <input_file_ref idref="fl-174"/>
      </object_component>
      <object_component id="oc-190">
         <name>.text:PRCMHIBRegWrite</name>
         <load_address>0x2000b7de</load_address>
         <run_address>0x2000b7de</run_address>
         <size>0x16</size>
         <input_file_ref idref="fl-174"/>
      </object_component>
      <object_component id="oc-2a1">
         <name>.text:_SlDrvMemZero</name>
         <load_address>0x2000b7f4</load_address>
         <run_address>0x2000b7f4</run_address>
         <size>0x16</size>
         <input_file_ref idref="fl-16a"/>
      </object_component>
      <object_component id="oc-363">
         <name>.text</name>
         <load_address>0x2000b80a</load_address>
         <run_address>0x2000b80a</run_address>
         <size>0x16</size>
         <input_file_ref idref="fl-13c"/>
      </object_component>
      <object_component id="oc-174">
         <name>.text:CPUcpsie</name>
         <load_address>0x2000b820</load_address>
         <run_address>0x2000b820</run_address>
         <size>0x14</size>
         <input_file_ref idref="fl-178"/>
      </object_component>
      <object_component id="oc-1bb">
         <name>.text:GPIOIntClear</name>
         <load_address>0x2000b834</load_address>
         <run_address>0x2000b834</run_address>
         <size>0x14</size>
         <input_file_ref idref="fl-171"/>
      </object_component>
      <object_component id="oc-cc">
         <name>.text:IntVTableBaseSet</name>
         <load_address>0x2000b848</load_address>
         <run_address>0x2000b848</run_address>
         <size>0x14</size>
         <input_file_ref idref="fl-172"/>
      </object_component>
      <object_component id="oc-15e">
         <name>.text</name>
         <load_address>0x2000b85c</load_address>
         <run_address>0x2000b85c</run_address>
         <size>0x14</size>
         <input_file_ref idref="fl-143"/>
      </object_component>
      <object_component id="oc-ea">
         <name>.text</name>
         <load_address>0x2000b870</load_address>
         <run_address>0x2000b870</run_address>
         <size>0x14</size>
         <input_file_ref idref="fl-13e"/>
      </object_component>
      <object_component id="oc-133">
         <name>.text</name>
         <load_address>0x2000b884</load_address>
         <run_address>0x2000b884</run_address>
         <size>0x14</size>
         <input_file_ref idref="fl-13f"/>
      </object_component>
      <object_component id="oc-6dc">
         <name>.text:_SlDrvDispatchHttpServerEvents</name>
         <load_address>0x2000b898</load_address>
         <run_address>0x2000b898</run_address>
         <size>0x10</size>
         <input_file_ref idref="fl-16a"/>
      </object_component>
      <object_component id="oc-274">
         <name>.text:_SlDrvResetCmdExt</name>
         <load_address>0x2000b8a8</load_address>
         <run_address>0x2000b8a8</run_address>
         <size>0xe</size>
         <input_file_ref idref="fl-16a"/>
      </object_component>
      <object_component id="oc-12">
         <name>.text:decompress:none</name>
         <load_address>0x2000b8b6</load_address>
         <run_address>0x2000b8b6</run_address>
         <size>0xe</size>
         <input_file_ref idref="fl-130"/>
      </object_component>
      <object_component id="oc-2d">
         <name>.text</name>
         <load_address>0x2000b8c4</load_address>
         <run_address>0x2000b8c4</run_address>
         <size>0xe</size>
         <input_file_ref idref="fl-7"/>
      </object_component>
      <object_component id="oc-42b">
         <name>.text:NwpMaskInterrupt</name>
         <load_address>0x2000b8d4</load_address>
         <run_address>0x2000b8d4</run_address>
         <size>0xc</size>
         <input_file_ref idref="fl-170"/>
      </object_component>
      <object_component id="oc-439">
         <name>.text:NwpUnMaskInterrupt</name>
         <load_address>0x2000b8e0</load_address>
         <run_address>0x2000b8e0</run_address>
         <size>0xc</size>
         <input_file_ref idref="fl-170"/>
      </object_component>
      <object_component id="oc-1e">
         <name>.text:decompress:ZI</name>
         <load_address>0x2000b8ec</load_address>
         <run_address>0x2000b8ec</run_address>
         <size>0xc</size>
         <input_file_ref idref="fl-132"/>
      </object_component>
      <object_component id="oc-d2">
         <name>.text:IntMasterEnable</name>
         <load_address>0x2000b8f8</load_address>
         <run_address>0x2000b8f8</run_address>
         <size>0xa</size>
         <input_file_ref idref="fl-172"/>
      </object_component>
      <object_component id="oc-f6">
         <name>.text:UtilsDelay</name>
         <load_address>0x2000b902</load_address>
         <run_address>0x2000b902</run_address>
         <size>0x6</size>
         <input_file_ref idref="fl-177"/>
      </object_component>
      <object_component id="oc-18">
         <name>.text:decompress:rle24</name>
         <load_address>0x2000b908</load_address>
         <run_address>0x2000b908</run_address>
         <size>0x6</size>
         <input_file_ref idref="fl-131"/>
      </object_component>
      <object_component id="oc-5b">
         <name>.text</name>
         <load_address>0x2000b90e</load_address>
         <run_address>0x2000b90e</run_address>
         <size>0x4</size>
         <input_file_ref idref="fl-139"/>
      </object_component>
      <object_component id="oc-500">
         <name>.const:.string:_ctypes_</name>
         <load_address>0x2000b914</load_address>
         <run_address>0x2000b914</run_address>
         <size>0x101</size>
         <input_file_ref idref="fl-149"/>
      </object_component>
      <object_component id="oc-50c">
         <name>.const:g_ulPinToPadMap</name>
         <load_address>0x2000ba18</load_address>
         <run_address>0x2000ba18</run_address>
         <size>0x100</size>
         <input_file_ref idref="fl-173"/>
      </object_component>
      <object_component id="oc-2fd">
         <name>.const:g_pulRegs</name>
         <load_address>0x2000bb18</load_address>
         <run_address>0x2000bb18</run_address>
         <size>0xd4</size>
         <input_file_ref idref="fl-172"/>
      </object_component>
      <object_component id="oc-2f5">
         <name>.const:PRCM_PeriphRegsList</name>
         <load_address>0x2000bbec</load_address>
         <run_address>0x2000bbec</run_address>
         <size>0xa8</size>
         <input_file_ref idref="fl-174"/>
      </object_component>
      <object_component id="oc-180">
         <name>.const</name>
         <load_address>0x2000bc94</load_address>
         <run_address>0x2000bc94</run_address>
         <size>0x80</size>
         <input_file_ref idref="fl-172"/>
      </object_component>
      <object_component id="oc-5fe">
         <name>.const:OpcodeTranslateTable</name>
         <load_address>0x2000bd14</load_address>
         <run_address>0x2000bd14</run_address>
         <size>0x3c</size>
         <input_file_ref idref="fl-16a"/>
      </object_component>
      <object_component id="oc-280">
         <name>.const</name>
         <load_address>0x2000bd50</load_address>
         <run_address>0x2000bd50</run_address>
         <size>0x3c</size>
         <input_file_ref idref="fl-16f"/>
      </object_component>
      <object_component id="oc-68c">
         <name>.const:_SlActionLookupTable</name>
         <load_address>0x2000bd8c</load_address>
         <run_address>0x2000bd8c</run_address>
         <size>0x38</size>
         <input_file_ref idref="fl-16a"/>
      </object_component>
      <object_component id="oc-57d">
         <name>.const</name>
         <load_address>0x2000bdc4</load_address>
         <run_address>0x2000bdc4</run_address>
         <size>0x38</size>
         <input_file_ref idref="fl-16a"/>
      </object_component>
      <object_component id="oc-295">
         <name>.const</name>
         <load_address>0x2000bdfc</load_address>
         <run_address>0x2000bdfc</run_address>
         <size>0x2c</size>
         <input_file_ref idref="fl-16b"/>
      </object_component>
      <object_component id="oc-747">
         <name>.const</name>
         <load_address>0x2000be28</load_address>
         <run_address>0x2000be28</run_address>
         <size>0x28</size>
         <input_file_ref idref="fl-16c"/>
      </object_component>
      <object_component id="oc-454">
         <name>.const</name>
         <load_address>0x2000be50</load_address>
         <run_address>0x2000be50</run_address>
         <size>0x1c</size>
         <input_file_ref idref="fl-169"/>
      </object_component>
      <object_component id="oc-5dc">
         <name>.const</name>
         <load_address>0x2000be6c</load_address>
         <run_address>0x2000be6c</run_address>
         <size>0x18</size>
         <input_file_ref idref="fl-175"/>
      </object_component>
      <object_component id="oc-2b9">
         <name>.const:.string</name>
         <load_address>0x2000be84</load_address>
         <run_address>0x2000be84</run_address>
         <size>0x10</size>
         <input_file_ref idref="fl-4"/>
      </object_component>
      <object_component id="oc-790">
         <name>.cinit..data.load</name>
         <load_address>0x2000be98</load_address>
         <run_address>0x2000be98</run_address>
         <size>0xdf</size>
      </object_component>
      <object_component id="oc-78e">
         <name>__TI_handler_table</name>
         <load_address>0x2000bf78</load_address>
         <run_address>0x2000bf78</run_address>
         <size>0xc</size>
      </object_component>
      <object_component id="oc-791">
         <name>.cinit..bss.load</name>
         <load_address>0x2000bf88</load_address>
         <run_address>0x2000bf88</run_address>
         <size>0x8</size>
      </object_component>
      <object_component id="oc-78f">
         <name>__TI_cinit_table</name>
         <load_address>0x2000bf90</load_address>
         <run_address>0x2000bf90</run_address>
         <size>0x10</size>
      </object_component>
      <object_component id="oc-2a">
         <name>.sysmem</name>
         <uninitialized>true</uninitialized>
         <run_address>0x20017000</run_address>
         <size>0x8</size>
         <input_file_ref idref="fl-166"/>
      </object_component>
      <object_component id="oc-793">
         <name>.sysmem</name>
         <uninitialized>true</uninitialized>
         <run_address>0x20017000</run_address>
         <size>0x0</size>
      </object_component>
      <object_component id="oc-29">
         <name>.stack</name>
         <uninitialized>true</uninitialized>
         <run_address>0x2002f830</run_address>
         <size>0x0</size>
         <input_file_ref idref="fl-12f"/>
      </object_component>
      <object_component id="oc-792">
         <name>.stack</name>
         <uninitialized>true</uninitialized>
         <run_address>0x2002f830</run_address>
         <size>0x0</size>
      </object_component>
      <object_component id="oc-14b">
         <name>.bss:InputBuffer</name>
         <uninitialized>true</uninitialized>
         <run_address>0x2001f328</run_address>
         <size>0x64</size>
         <input_file_ref idref="fl-4"/>
      </object_component>
      <object_component id="oc-6b4">
         <name>.bss:__TI_tmpnams</name>
         <uninitialized>true</uninitialized>
         <run_address>0x2001f288</run_address>
         <size>0xa0</size>
         <input_file_ref idref="fl-133"/>
      </object_component>
      <object_component id="oc-6ab">
         <name>.bss:__CIOBUF_</name>
         <uninitialized>true</uninitialized>
         <run_address>0x2001f168</run_address>
         <size>0x120</size>
         <input_file_ref idref="fl-142"/>
      </object_component>
      <object_component id="oc-3b3">
         <name>.bss:g_StatMem</name>
         <uninitialized>true</uninitialized>
         <run_address>0x2001f000</run_address>
         <size>0x168</size>
         <input_file_ref idref="fl-16a"/>
      </object_component>
      <object_component id="oc-406">
         <name>.bss:g_ucDinDout</name>
         <uninitialized>true</uninitialized>
         <run_address>0x2001f38c</run_address>
         <size>0x50</size>
         <input_file_ref idref="fl-170"/>
      </object_component>
      <object_component id="oc-212">
         <name>.common:g_S2InterruptHdl</name>
         <uninitialized>true</uninitialized>
         <run_address>0x2001f3e8</run_address>
         <size>0x4</size>
      </object_component>
      <object_component id="oc-20f">
         <name>.common:g_S3InterruptHdl</name>
         <uninitialized>true</uninitialized>
         <run_address>0x2001f3ec</run_address>
         <size>0x4</size>
      </object_component>
      <object_component id="oc-1d0">
         <name>.common:g_ucLED1Pin</name>
         <uninitialized>true</uninitialized>
         <run_address>0x2001f3f3</run_address>
         <size>0x1</size>
      </object_component>
      <object_component id="oc-1d9">
         <name>.common:g_ucLED2Pin</name>
         <uninitialized>true</uninitialized>
         <run_address>0x2001f3f4</run_address>
         <size>0x1</size>
      </object_component>
      <object_component id="oc-1da">
         <name>.common:g_ucLED3Pin</name>
         <uninitialized>true</uninitialized>
         <run_address>0x2001f3f5</run_address>
         <size>0x1</size>
      </object_component>
      <object_component id="oc-148">
         <name>.common:RetVal</name>
         <uninitialized>true</uninitialized>
         <run_address>0x2001f3e4</run_address>
         <size>0x4</size>
      </object_component>
      <object_component id="oc-637">
         <name>.common:parmbuf</name>
         <uninitialized>true</uninitialized>
         <run_address>0x2001f3dc</run_address>
         <size>0x8</size>
      </object_component>
      <object_component id="oc-3b9">
         <name>.common:RxIrqCnt</name>
         <uninitialized>true</uninitialized>
         <run_address>0x2001f3f0</run_address>
         <size>0x1</size>
      </object_component>
      <object_component id="oc-25c">
         <name>.common:g_bDeviceRestartIsRequired</name>
         <uninitialized>true</uninitialized>
         <run_address>0x2001f3f1</run_address>
         <size>0x1</size>
      </object_component>
      <object_component id="oc-40f">
         <name>.common:g_cDummy</name>
         <uninitialized>true</uninitialized>
         <run_address>0x2001f3f2</run_address>
         <size>0x1</size>
      </object_component>
      <object_component id="oc-1cd">
         <name>.data</name>
         <load_address>0x2001f724</load_address>
         <run_address>0x2001f724</run_address>
         <size>0x20</size>
         <input_file_ref idref="fl-3"/>
      </object_component>
      <object_component id="oc-145">
         <name>.data</name>
         <load_address>0x2001f744</load_address>
         <run_address>0x2001f744</run_address>
         <size>0x18</size>
         <input_file_ref idref="fl-4"/>
      </object_component>
      <object_component id="oc-14e">
         <name>.data:_ftable</name>
         <load_address>0x2001f3f8</load_address>
         <run_address>0x2001f3f8</run_address>
         <size>0xf0</size>
         <input_file_ref idref="fl-133"/>
      </object_component>
      <object_component id="oc-2b4">
         <name>.data</name>
         <load_address>0x2001f75c</load_address>
         <run_address>0x2001f75c</run_address>
         <size>0x10</size>
         <input_file_ref idref="fl-133"/>
      </object_component>
      <object_component id="oc-aa">
         <name>.data</name>
         <load_address>0x2001f79c</load_address>
         <run_address>0x2001f79c</run_address>
         <size>0x8</size>
         <input_file_ref idref="fl-134"/>
      </object_component>
      <object_component id="oc-4a4">
         <name>.data</name>
         <load_address>0x2001f4e8</load_address>
         <run_address>0x2001f4e8</run_address>
         <size>0xd0</size>
         <input_file_ref idref="fl-136"/>
      </object_component>
      <object_component id="oc-73">
         <name>.data</name>
         <load_address>0x2001f7b4</load_address>
         <run_address>0x2001f7b4</run_address>
         <size>0x4</size>
         <input_file_ref idref="fl-13b"/>
      </object_component>
      <object_component id="oc-a7">
         <name>.data</name>
         <load_address>0x2001f794</load_address>
         <run_address>0x2001f794</run_address>
         <size>0x8</size>
         <input_file_ref idref="fl-143"/>
      </object_component>
      <object_component id="oc-5b8">
         <name>.data</name>
         <load_address>0x2001f668</load_address>
         <run_address>0x2001f668</run_address>
         <size>0x80</size>
         <input_file_ref idref="fl-15c"/>
      </object_component>
      <object_component id="oc-5c3">
         <name>.data</name>
         <load_address>0x2001f7ac</load_address>
         <run_address>0x2001f7ac</run_address>
         <size>0x4</size>
         <input_file_ref idref="fl-15e"/>
      </object_component>
      <object_component id="oc-664">
         <name>.data</name>
         <load_address>0x2001f7a4</load_address>
         <run_address>0x2001f7a4</run_address>
         <size>0x8</size>
         <input_file_ref idref="fl-15f"/>
      </object_component>
[...]
         <object_component_ref idref="oc-595"/>
      </symbol>
      <symbol id="sm-876">
         <name>minit</name>
         <value>0x20005e25</value>
         <object_component_ref idref="oc-595"/>
      </symbol>
      <symbol id="sm-88c">
         <name>__TI_closefile</name>
         <value>0x200096e9</value>
         <object_component_ref idref="oc-646"/>
      </symbol>
      <symbol id="sm-88d">
         <name>fclose</name>
         <value>0x2000974f</value>
         <object_component_ref idref="oc-646"/>
      </symbol>
      <symbol id="sm-8f7">
         <name>_sl_HandleAsync_InitComplete</name>
         <value>0x20009fcd</value>
         <object_component_ref idref="oc-69c"/>
      </symbol>
      <symbol id="sm-8f8">
         <name>_SlDrvDeviceEventHandler</name>
         <value>0x200095b5</value>
         <object_component_ref idref="oc-61b"/>
      </symbol>
      <symbol id="sm-8f9">
         <name>_sl_HandleAsync_Stop</name>
         <value>0x2000aa95</value>
         <object_component_ref idref="oc-6a2"/>
      </symbol>
      <symbol id="sm-8fa">
         <name>sl_Start</name>
         <value>0x20008a95</value>
         <object_component_ref idref="oc-103"/>
      </symbol>
      <symbol id="sm-b40">
         <name>RxIrqCnt</name>
         <value>0x2001f3f0</value>
      </symbol>
      <symbol id="sm-b41">
         <name>g_bDeviceRestartIsRequired</name>
         <value>0x2001f3f1</value>
      </symbol>
      <symbol id="sm-b42">
         <name>_SlDrvProtectionObjUnLock</name>
         <value>0x2000b42d</value>
         <object_component_ref idref="oc-424"/>
      </symbol>
      <symbol id="sm-b43">
         <name>_SlDrvMsgReadSpawnCtx</name>
         <value>0x20008d2d</value>
         <object_component_ref idref="oc-46d"/>
      </symbol>
      <symbol id="sm-b44">
         <name>_SlDrvDispatchHttpServerEvents</name>
         <value>0x2000b899</value>
         <object_component_ref idref="oc-6dc"/>
      </symbol>
      <symbol id="sm-b45">
         <name>_SlDrvHandleNetAppEvents</name>
         <value>0x2000af15</value>
         <object_component_ref idref="oc-627"/>
      </symbol>
      <symbol id="sm-b46">
         <name>_SlDriverHandleError</name>
         <value>0x200093d5</value>
         <object_component_ref idref="oc-440"/>
      </symbol>
      <symbol id="sm-b47">
         <name>_SlDrvResetCmdExt</name>
         <value>0x2000b8a9</value>
         <object_component_ref idref="oc-274"/>
      </symbol>
      <symbol id="sm-b48">
         <name>_SlDrvProtectAsyncRespSetting</name>
         <value>0x2000ab31</value>
         <object_component_ref idref="oc-232"/>
      </symbol>
      <symbol id="sm-b49">
         <name>_SlDrvReleasePoolObj</name>
         <value>0x20006f6d</value>
         <object_component_ref idref="oc-250"/>
      </symbol>
      <symbol id="sm-b4a">
         <name>_SlDrvHandleWlanEvents</name>
         <value>0x2000af55</value>
         <object_component_ref idref="oc-621"/>
      </symbol>
      <symbol id="sm-b4b">
         <name>OpcodeTranslateTable</name>
         <value>0x2000bd14</value>
         <object_component_ref idref="oc-5fe"/>
      </symbol>
      <symbol id="sm-b4c">
         <name>pPingCallBackFunc</name>
         <value>0x2001f774</value>
         <object_component_ref idref="oc-25f"/>
      </symbol>
      <symbol id="sm-b4d">
         <name>_SlDrvDriverCBInit</name>
         <value>0x200074b9</value>
         <object_component_ref idref="oc-226"/>
      </symbol>
      <symbol id="sm-b4e">
         <name>g_pCB</name>
         <value>0x2001f770</value>
         <object_component_ref idref="oc-25f"/>
      </symbol>
      <symbol id="sm-b4f">
         <name>_SlDrvProtectionObjLockWaitForever</name>
         <value>0x2000b385</value>
         <object_component_ref idref="oc-41e"/>
      </symbol>
      <symbol id="sm-b50">
         <name>_SlDrvCmdOp</name>
         <value>0x20009059</value>
         <object_component_ref idref="oc-27a"/>
      </symbol>
      <symbol id="sm-b51">
         <name>_SlDrvSyncObjWaitTimeout</name>
         <value>0x2000ae09</value>
         <object_component_ref idref="oc-24a"/>
      </symbol>
      <symbol id="sm-b52">
         <name>_SlDrvGlobalObjUnLock</name>
         <value>0x2000b405</value>
         <object_component_ref idref="oc-47d"/>
      </symbol>
      <symbol id="sm-b53">
         <name>_SlDrvMemZero</name>
         <value>0x2000b7f5</value>
         <object_component_ref idref="oc-2a1"/>
      </symbol>
      <symbol id="sm-b54">
         <name>_SlDrvWaitForPoolObj</name>
         <value>0x20007809</value>
         <object_component_ref idref="oc-418"/>
      </symbol>
      <symbol id="sm-b55">
         <name>_SlDrvSyncObjSignal</name>
         <value>0x2000b5d5</value>
         <object_component_ref idref="oc-44d"/>
      </symbol>
      <symbol id="sm-b56">
         <name>_SlDrvRxIrqHandler</name>
         <value>0x2000a9ed</value>
         <object_component_ref idref="oc-262"/>
      </symbol>
      <symbol id="sm-b57">
         <name>_SlDrvHandleHttpServerEvents</name>
         <value>0x2000adc5</value>
         <object_component_ref idref="oc-73a"/>
      </symbol>
      <symbol id="sm-b58">
         <name>_SlDrvSyncObjWaitForever</name>
         <value>0x2000b455</value>
         <object_component_ref idref="oc-54e"/>
      </symbol>
      <symbol id="sm-b59">
         <name>_SlDrvCmdSend</name>
         <value>0x2000a41d</value>
         <object_component_ref idref="oc-741"/>
      </symbol>
      <symbol id="sm-b5a">
         <name>_SlActionLookupTable</name>
         <value>0x2000bd8c</value>
         <object_component_ref idref="oc-68c"/>
      </symbol>
      <symbol id="sm-beb">
         <name>sl_FsClose</name>
         <value>0x20009819</value>
         <object_component_ref idref="oc-121"/>
      </symbol>
      <symbol id="sm-bec">
         <name>_sl_GetCreateFsMode</name>
         <value>0x20009651</value>
         <object_component_ref idref="oc-115"/>
      </symbol>
      <symbol id="sm-bed">
         <name>sl_FsRead</name>
         <value>0x200084cd</value>
         <object_component_ref idref="oc-127"/>
      </symbol>
      <symbol id="sm-bee">
         <name>sl_FsWrite</name>
         <value>0x200085d1</value>
         <object_component_ref idref="oc-139"/>
      </symbol>
      <symbol id="sm-bef">
         <name>sl_FsGetInfo</name>
         <value>0x200099dd</value>
         <object_component_ref idref="oc-10f"/>
      </symbol>
      <symbol id="sm-bf0">
         <name>sl_FsOpen</name>
         <value>0x20009ca9</value>
         <object_component_ref idref="oc-11b"/>
      </symbol>
      <symbol id="sm-c60">
         <name>_SlNetAppSendTokenValueCmdCtrl</name>
         <value>0x2000be44</value>
         <object_component_ref idref="oc-747"/>
      </symbol>
      <symbol id="sm-c61">
         <name>_sl_HandleAsync_DnsGetHostByName</name>
         <value>0x20009a71</value>
         <object_component_ref idref="oc-6d0"/>
      </symbol>
      <symbol id="sm-c62">
         <name>_sl_HandleAsync_PingResponse</name>
         <value>0x20009b01</value>
         <object_component_ref idref="oc-678"/>
      </symbol>
      <symbol id="sm-c63">
         <name>_SlDrvNetAppEventHandler</name>
         <value>0x200083c9</value>
         <object_component_ref idref="oc-672"/>
      </symbol>
      <symbol id="sm-c64">
         <name>_sl_HandleAsync_DnsGetHostByService</name>
         <value>0x20008e01</value>
         <object_component_ref idref="oc-6d6"/>
      </symbol>
      <symbol id="sm-c65">
         <name>_sl_NetAppSendTokenValue</name>
         <value>0x2000a489</value>
         <object_component_ref idref="oc-6e2"/>
      </symbol>
      <symbol id="sm-ca4">
         <name>_SlNonOsSemSet</name>
         <value>0x2000b769</value>
         <object_component_ref idref="oc-3a7"/>
      </symbol>
      <symbol id="sm-ca5">
         <name>_SlNonOsSpawn</name>
         <value>0x2000a69d</value>
         <object_component_ref idref="oc-467"/>
      </symbol>
      <symbol id="sm-ca6">
         <name>_SlNonOsSemGet</name>
         <value>0x2000a249</value>
         <object_component_ref idref="oc-3ad"/>
      </symbol>
      <symbol id="sm-ca7">
         <name>_SlNonOsMainLoopTask</name>
         <value>0x2000a339</value>
         <object_component_ref idref="oc-513"/>
      </symbol>
      <symbol id="sm-ca8">
         <name>g__SlNonOsCB</name>
         <value>0x2001f6e8</value>
         <object_component_ref idref="oc-3b6"/>
      </symbol>
      <symbol id="sm-ccf">
         <name>_sl_HandleAsync_Connect</name>
         <value>0x20009f4d</value>
         <object_component_ref idref="oc-6f9"/>
      </symbol>
      <symbol id="sm-cd0">
         <name>_sl_HandleAsync_Select</name>
         <value>0x2000aa41</value>
         <object_component_ref idref="oc-6ff"/>
      </symbol>
      <symbol id="sm-cd1">
         <name>_sl_HandleAsync_Accept</name>
         <value>0x2000a701</value>
         <object_component_ref idref="oc-6f3"/>
      </symbol>
      <symbol id="sm-d0c">
         <name>sl_WlanPolicySet</name>
         <value>0x2000a2c1</value>
         <object_component_ref idref="oc-109"/>
      </symbol>
      <symbol id="sm-e02">
         <name>g_cDummy</name>
         <value>0x2001f3f2</value>
      </symbol>
      <symbol id="sm-e03">
         <name>NwpMaskInterrupt</name>
         <value>0x2000b8d5</value>
         <object_component_ref idref="oc-42b"/>
      </symbol>
      <symbol id="sm-e04">
         <name>NwpRegisterInterruptHandler</name>
         <value>0x2000afd5</value>
         <object_component_ref idref="oc-23e"/>
      </symbol>
      <symbol id="sm-e05">
         <name>g_pHostIntHdl</name>
         <value>0x2001f78c</value>
         <object_component_ref idref="oc-403"/>
      </symbol>
      <symbol id="sm-e06">
         <name>NwpUnMaskInterrupt</name>
         <value>0x2000b8e1</value>
         <object_component_ref idref="oc-439"/>
      </symbol>
      <symbol id="sm-e07">
         <name>g_ucDinDout</name>
         <value>0x2001f38c</value>
         <object_component_ref idref="oc-406"/>
      </symbol>
      <symbol id="sm-e08">
         <name>NwpPowerOff</name>
         <value>0x2000b105</value>
         <object_component_ref idref="oc-238"/>
      </symbol>
      <symbol id="sm-e09">
         <name>spi_Read</name>
         <value>0x200087cd</value>
         <object_component_ref idref="oc-5f1"/>
      </symbol>
      <symbol id="sm-e0a">
         <name>DmaSpiSwIntHandler</name>
         <value>0x2000b4a5</value>
         <object_component_ref idref="oc-409"/>
      </symbol>
      <symbol id="sm-e0b">
         <name>NwpPowerOn</name>
         <value>0x2000b5b5</value>
         <object_component_ref idref="oc-244"/>
      </symbol>
      <symbol id="sm-e0c">
         <name>spi_Write</name>
         <value>0x200098b1</value>
         <object_component_ref idref="oc-577"/>
      </symbol>
      <symbol id="sm-e0d">
         <name>spi_Open</name>
         <value>0x20007ddd</value>
         <object_component_ref idref="oc-22c"/>
      </symbol>
      <symbol id="sm-e0e">
         <name>g_ucDMAEnabled</name>
         <value>0x2001f790</value>
         <object_component_ref idref="oc-403"/>
      </symbol>
      <symbol id="sm-e0f">
         <name>g_SpiFd</name>
         <value>0x2001f788</value>
         <object_component_ref idref="oc-403"/>
      </symbol>
      <symbol id="sm-e77">
         <name>GPIOIntRegister</name>
         <value>0x2000b615</value>
         <object_component_ref idref="oc-1b5"/>
      </symbol>
      <symbol id="sm-e78">
         <name>GPIOIntDisable</name>
         <value>0x2000b689</value>
         <object_component_ref idref="oc-203"/>
      </symbol>
      <symbol id="sm-e79">
         <name>GPIOIntEnable</name>
         <value>0x2000b6a3</value>
         <object_component_ref idref="oc-1c1"/>
      </symbol>
      <symbol id="sm-e7a">
         <name>GPIOIntTypeSet</name>
         <value>0x20009ec9</value>
         <object_component_ref idref="oc-1a9"/>
      </symbol>
      <symbol id="sm-e7b">
         <name>GPIOIntClear</name>
         <value>0x2000b835</value>
         <object_component_ref idref="oc-1bb"/>
      </symbol>
      <symbol id="sm-e7c">
         <name>GPIOIntStatus</name>
         <value>0x2000b4ed</value>
         <object_component_ref idref="oc-1f7"/>
      </symbol>
      <symbol id="sm-e7d">
         <name>GPIOPinRead</name>
         <value>0x2000b6f1</value>
         <object_component_ref idref="oc-1d3"/>
      </symbol>
      <symbol id="sm-e7e">
         <name>GPIODirModeSet</name>
         <value>0x2000b13d</value>
         <object_component_ref idref="oc-21f"/>
      </symbol>
      <symbol id="sm-e7f">
         <name>GPIOPinWrite</name>
         <value>0x2000b575</value>
         <object_component_ref idref="oc-1c7"/>
      </symbol>
      <symbol id="sm-f05">
         <name>IntPendClear</name>
         <value>0x2000a891</value>
         <object_component_ref idref="oc-1fd"/>
      </symbol>
      <symbol id="sm-f06">
         <name>IntPrioritySet</name>
         <value>0x2000a999</value>
         <object_component_ref idref="oc-1af"/>
      </symbol>
      <symbol id="sm-f07">
         <name>IntVTableBaseSet</name>
         <value>0x2000b849</value>
         <object_component_ref idref="oc-cc"/>
      </symbol>
      <symbol id="sm-f08">
         <name>IntEnable</name>
         <value>0x2000932d</value>
         <object_component_ref idref="oc-d8"/>
      </symbol>
      <symbol id="sm-f09">
         <name>IntDisable</name>
         <value>0x20009285</value>
         <object_component_ref idref="oc-209"/>
      </symbol>
      <symbol id="sm-f0a">
         <name>IntRegister</name>
         <value>0x2000b595</value>
         <object_component_ref idref="oc-307"/>
      </symbol>
      <symbol id="sm-f0b">
         <name>IntUnregister</name>
         <value>0x2000b4c9</value>
         <object_component_ref idref="oc-432"/>
      </symbol>
      <symbol id="sm-f0c">
         <name>IntMasterEnable</name>
         <value>0x2000b8f9</value>
         <object_component_ref idref="oc-d2"/>
      </symbol>
      <symbol id="sm-f3b">
         <name>PinTypeGPIO</name>
         <value>0x2000b211</value>
         <object_component_ref idref="oc-219"/>
      </symbol>
      <symbol id="sm-f3c">
         <name>PinConfigSet</name>
         <value>0x20009d35</value>
         <object_component_ref idref="oc-399"/>
      </symbol>
      <symbol id="sm-f3d">
         <name>PinModeSet</name>
         <value>0x2000aed5</value>
         <object_component_ref idref="oc-39f"/>
      </symbol>
      <symbol id="sm-fd0">
         <name>PRCMPeripheralReset</name>
         <value>0x2000a8e9</value>
         <object_component_ref idref="oc-19c"/>
      </symbol>
      <symbol id="sm-fd1">
         <name>PRCMPeripheralClkEnable</name>
         <value>0x2000b051</value>
         <object_component_ref idref="oc-196"/>
      </symbol>
      <symbol id="sm-fd2">
         <name>PRCMPeripheralClockGet</name>
         <value>0x20009949</value>
         <object_component_ref idref="oc-3cd"/>
      </symbol>
      <symbol id="sm-fd3">
         <name>PRCMCC3200MCUInit</name>
         <value>0x20007999</value>
         <object_component_ref idref="oc-de"/>
      </symbol>
      <symbol id="sm-fd4">
         <name>PRCMHIBRegWrite</name>
         <value>0x2000b7df</value>
         <object_component_ref idref="oc-190"/>
      </symbol>
      <symbol id="sm-fd5">
         <name>PRCMSysResetCauseGet</name>
         <value>0x2000b32d</value>
         <object_component_ref idref="oc-184"/>
      </symbol>
      <symbol id="sm-fd6">
         <name>PRCMPeripheralStatusGet</name>
         <value>0x2000b175</value>
         <object_component_ref idref="oc-3d9"/>
      </symbol>
      <symbol id="sm-fd7">
         <name>PRCMPeripheralClkDisable</name>
         <value>0x2000b3dd</value>
         <object_component_ref idref="oc-1a2"/>
      </symbol>
      <symbol id="sm-fd8">
         <name>PRCMHIBRegRead</name>
         <value>0x2000b7c9</value>
         <object_component_ref idref="oc-18a"/>
      </symbol>
      <symbol id="sm-1064">
         <name>SPICSEnable</name>
         <value>0x2000b721</value>
         <object_component_ref idref="oc-608"/>
      </symbol>
      <symbol id="sm-1065">
         <name>SPIDisable</name>
         <value>0x2000b739</value>
         <object_component_ref idref="oc-3c1"/>
      </symbol>
      <symbol id="sm-1066">
         <name>SPIFIFOEnable</name>
         <value>0x2000b6d7</value>
         <object_component_ref idref="oc-3e5"/>
      </symbol>
      <symbol id="sm-1067">
         <name>SPIWordCountSet</name>
         <value>0x2000b531</value>
         <object_component_ref idref="oc-60e"/>
      </symbol>
      <symbol id="sm-1068">
         <name>SPIEnable</name>
         <value>0x2000b751</value>
         <object_component_ref idref="oc-3fd"/>
      </symbol>
      <symbol id="sm-1069">
         <name>SPIDmaEnable</name>
         <value>0x2000b6bd</value>
         <object_component_ref idref="oc-3eb"/>
      </symbol>
      <symbol id="sm-106a">
         <name>SPIConfigSetExpClk</name>
         <value>0x20009479</value>
         <object_component_ref idref="oc-3d3"/>
      </symbol>
      <symbol id="sm-106b">
         <name>SPIFIFOLevelSet</name>
         <value>0x2000b1a9</value>
         <object_component_ref idref="oc-3f1"/>
      </symbol>
      <symbol id="sm-106c">
         <name>SPIReset</name>
         <value>0x2000b50f</value>
         <object_component_ref idref="oc-3c7"/>
      </symbol>
      <symbol id="sm-106d">
         <name>SPIIntEnable</name>
         <value>0x2000aae5</value>
         <object_component_ref idref="oc-3f7"/>
      </symbol>
      <symbol id="sm-106e">
         <name>SPIIntClear</name>
         <value>0x2000aca9</value>
         <object_component_ref idref="oc-540"/>
      </symbol>
      <symbol id="sm-106f">
         <name>SPICSDisable</name>
         <value>0x2000b709</value>
         <object_component_ref idref="oc-3bb"/>
      </symbol>
      <symbol id="sm-10c6">
         <name>uDMAChannelControlSet</name>
         <value>0x2000b0c9</value>
         <object_component_ref idref="oc-707"/>
      </symbol>
      <symbol id="sm-10c7">
         <name>uDMAChannelAttributeEnable</name>
         <value>0x2000a82d</value>
         <object_component_ref idref="oc-70d"/>
      </symbol>
      <symbol id="sm-10c8">
         <name>uDMAChannelTransferSet</name>
         <value>0x200088bd</value>
         <object_component_ref idref="oc-713"/>
      </symbol>
      <symbol id="sm-10c9">
         <name>uDMAChannelAssign</name>
         <value>0x2000ac15</value>
         <object_component_ref idref="oc-524"/>
      </symbol>
      <symbol id="sm-10ca">
         <name>uDMAChannelAttributeDisable</name>
         <value>0x2000a7c9</value>
         <object_component_ref idref="oc-52a"/>
      </symbol>
      <symbol id="sm-10cb">
         <name>uDMAChannelEnable</name>
         <value>0x2000b66d</value>
         <object_component_ref idref="oc-719"/>
      </symbol>
      <symbol id="sm-10cf">
         <name>UtilsDelay</name>
         <value>0x2000b903</value>
         <object_component_ref idref="oc-f6"/>
      </symbol>
      <symbol id="sm-10d9">
         <name>CPUcpsie</name>
         <value>0x2000b821</value>
         <object_component_ref idref="oc-174"/>
      </symbol>
      <symbol id="sm-10db">
         <name>__TI_static_base__</name>
         <value>0x2000be98</value>
      </symbol>
      <symbol id="sm-10de">
         <name>SHT$$INIT_ARRAY$$Limit</name>
         <value>0x0</value>
      </symbol>
      <symbol id="sm-10df">
         <name>SHT$$INIT_ARRAY$$Base</name>
         <value>0x0</value>
      </symbol>
      <symbol id="sm-10e0">
         <name>remove</name>
         <value>0x2000662d</value>
      </symbol>
   </symbol_table>
   <title>Link successful</title>
</link_info>
